
> temp-app@0.1.0 build
> next build

Γû▓ Next.js 16.1.6 (Turbopack)
- Environments: .env

node.exe : ΓÜá The "middleware" 
file convention is deprecated. 
Please use "proxy" instead. Learn 
more: https://nextjs.org/docs/mess
ages/middleware-to-proxy
At line:1 char:1
+ & "C:\Program 
Files\nodejs/node.exe" 
"C:\Program Files\nodejs/node_mo 
...
+ ~~~~~~~~~~~~~~~~~~~~~~~~~~~~~~~~
~~~~~~~~~~~~~~~~~~~~~~~~~~~~~~~~~~
~~~
    + CategoryInfo          : 
NotSp    ecified: (ΓÜá The 
"middle...lew    
are-to-proxy:String) [], Remote   
 Exception
    + FullyQualifiedErrorId : 
Nativ    eCommandError
 
  Creating an optimized production build ...
Γ£ô Compiled successfully in 8.0s
  Running TypeScript ...
  Collecting page data using 7 workers ...
  Generating static pages using 7 workers (0/13) ...
  Generating static pages using 7 workers (3/13) 
  Generating static pages using 7 workers (6/13) 
  Generating static pages using 7 workers (9/13) 
Error occurred prerendering page 
"/dashboard/shipments". Read 
more: https://nextjs.org/docs/mess
ages/prerender-error
Error: Functions cannot be passed 
directly to Client Components 
unless you explicitly expose it 
by marking it with "use server". 
Or maybe you meant to call this 
function rather than return it.
  {accessorKey: ..., header: 
"Order #", cell: function cell}
                                  
            ^^^^^^^^^^^^^
    at stringify (<anonymous>) {
  digest: '2125835430'
}
Export encountered an error on 
/dashboard/shipments/page: 
/dashboard/shipments, exiting the 
build.
Γ¿» Next.js build worker exited 
with code: 1 and signal: null
