prisma.config.ts(12,5): error TS2322: Type 'string | undefined' is not assignable to type 'string'.
  Type 'undefined' is not assignable to type 'string'.
src/actions/batches.ts(13,57): error TS2339: Property 'PLANNED' does not exist on type '{ OK: "OK"; HOLD: "HOLD"; REJECT: "REJECT"; }'.
src/actions/batches.ts(34,13): error TS2322: Type '{ batchCode: string; productId: string; quantity: number; status: "OK" | "HOLD" | "REJECT"; manufactureDate?: Date | undefined; expiryDate?: Date | undefined; notes?: string | undefined; }' is not assignable to type '(Without<BatchCreateInput, BatchUncheckedCreateInput> & BatchUncheckedCreateInput) | (Without<...> & BatchCreateInput)'.
  Type '{ batchCode: string; productId: string; quantity: number; status: "OK" | "HOLD" | "REJECT"; manufactureDate?: Date | undefined; expiryDate?: Date | undefined; notes?: string | undefined; }' is not assignable to type 'Without<BatchCreateInput, BatchUncheckedCreateInput> & BatchUncheckedCreateInput'.
    Type '{ batchCode: string; productId: string; quantity: number; status: "OK" | "HOLD" | "REJECT"; manufactureDate?: Date | undefined; expiryDate?: Date | undefined; notes?: string | undefined; }' is missing the following properties from type 'BatchUncheckedCreateInput': batchNumber, mfgDate, expDate, initialQty, availableQty
src/app/dashboard/batches/[id]/page.tsx(29,30): error TS2339: Property 'manufactureDate' does not exist on type '{ id: string; createdAt: Date; updatedAt: Date; productId: string; status: BatchStatus; notes: string | null; batchNumber: string; mfgDate: Date; expDate: Date; initialQty: number; availableQty: number; }'.
src/app/dashboard/batches/[id]/page.tsx(29,54): error TS2339: Property 'manufactureDate' does not exist on type '{ id: string; createdAt: Date; updatedAt: Date; productId: string; status: BatchStatus; notes: string | null; batchNumber: string; mfgDate: Date; expDate: Date; initialQty: number; availableQty: number; }'.
src/app/dashboard/batches/[id]/page.tsx(30,25): error TS2551: Property 'expiryDate' does not exist on type '{ id: string; createdAt: Date; updatedAt: Date; productId: string; status: BatchStatus; notes: string | null; batchNumber: string; mfgDate: Date; expDate: Date; initialQty: number; availableQty: number; }'. Did you mean 'expDate'?
src/app/dashboard/batches/[id]/page.tsx(30,44): error TS2551: Property 'expiryDate' does not exist on type '{ id: string; createdAt: Date; updatedAt: Date; productId: string; status: BatchStatus; notes: string | null; batchNumber: string; mfgDate: Date; expDate: Date; initialQty: number; availableQty: number; }'. Did you mean 'expDate'?
src/app/dashboard/batches/[id]/page.tsx(42,18): error TS2322: Type '{ manufactureDate: any; expiryDate: any; notes: string | undefined; id: string; createdAt: Date; updatedAt: Date; productId: string; status: $Enums.BatchStatus; ... 4 more ...; availableQty: number; }' is not assignable to type '{ batchCode: string; productId: string; quantity: number; status: "OK" | "HOLD" | "REJECT"; manufactureDate?: string | undefined; expiryDate?: string | undefined; notes?: string | undefined; } & { ...; }'.
  Type '{ manufactureDate: any; expiryDate: any; notes: string | undefined; id: string; createdAt: Date; updatedAt: Date; productId: string; status: BatchStatus; batchNumber: string; mfgDate: Date; expDate: Date; initialQty: number; availableQty: number; }' is missing the following properties from type '{ batchCode: string; productId: string; quantity: number; status: "OK" | "HOLD" | "REJECT"; manufactureDate?: string | undefined; expiryDate?: string | undefined; notes?: string | undefined; }': batchCode, quantity
src/app/dashboard/imports/page.tsx(8,5): error TS2322: Type '{ product: true; }' is not assignable to type 'never'.
src/app/dashboard/invoices/[id]/page.tsx(40,35): error TS2322: Type 'string' is not assignable to type 'MouseEventHandler<HTMLButtonElement>'.
src/app/dashboard/orders/[id]/page.tsx(9,60): error TS2304: Cannot find name 'OrderDetailsPageProps'.
src/app/dashboard/orders/[id]/page.tsx(10,23): error TS2304: Cannot find name 'db'.
src/app/dashboard/orders/[id]/page.tsx(41,18): error TS2304: Cannot find name 'OrderStatusUpdate'.
src/app/dashboard/orders/[id]/page.tsx(49,18): error TS2304: Cannot find name 'Card'.
src/app/dashboard/orders/[id]/page.tsx(50,22): error TS2304: Cannot find name 'CardHeader'.
src/app/dashboard/orders/[id]/page.tsx(51,26): error TS2304: Cannot find name 'CardTitle'.
src/app/dashboard/orders/[id]/page.tsx(51,54): error TS2304: Cannot find name 'CardTitle'.
src/app/dashboard/orders/[id]/page.tsx(52,23): error TS2304: Cannot find name 'CardHeader'.
src/app/dashboard/orders/[id]/page.tsx(53,22): error TS2304: Cannot find name 'CardContent'.
src/app/dashboard/orders/[id]/page.tsx(58,23): error TS2304: Cannot find name 'CardContent'.
src/app/dashboard/orders/[id]/page.tsx(59,19): error TS2304: Cannot find name 'Card'.
src/app/dashboard/orders/[id]/page.tsx(61,18): error TS2304: Cannot find name 'Card'.
src/app/dashboard/orders/[id]/page.tsx(62,22): error TS2304: Cannot find name 'CardHeader'.
src/app/dashboard/orders/[id]/page.tsx(63,26): error TS2304: Cannot find name 'CardTitle'.
src/app/dashboard/orders/[id]/page.tsx(63,54): error TS2304: Cannot find name 'CardTitle'.
src/app/dashboard/orders/[id]/page.tsx(64,23): error TS2304: Cannot find name 'CardHeader'.
src/app/dashboard/orders/[id]/page.tsx(65,22): error TS2304: Cannot find name 'CardContent'.
src/app/dashboard/orders/[id]/page.tsx(67,23): error TS2304: Cannot find name 'CardContent'.
src/app/dashboard/orders/[id]/page.tsx(68,19): error TS2304: Cannot find name 'Card'.
src/app/dashboard/orders/[id]/page.tsx(71,14): error TS2304: Cannot find name 'Card'.
src/app/dashboard/orders/[id]/page.tsx(72,19): error TS2304: Cannot find name 'CardHeader'.
src/app/dashboard/orders/[id]/page.tsx(73,22): error TS2304: Cannot find name 'CardTitle'.
src/app/dashboard/orders/[id]/page.tsx(73,47): error TS2304: Cannot find name 'CardTitle'.
src/app/dashboard/orders/[id]/page.tsx(74,19): error TS2304: Cannot find name 'CardHeader'.
src/app/dashboard/orders/[id]/page.tsx(75,18): error TS2304: Cannot find name 'CardContent'.
src/app/dashboard/orders/[id]/page.tsx(92,19): error TS2304: Cannot find name 'CardContent'.
src/app/dashboard/orders/[id]/page.tsx(93,15): error TS2304: Cannot find name 'Card'.
src/app/dashboard/orders/[id]/page.tsx(96,10): error TS2304: Cannot find name 'Card'.
src/app/dashboard/orders/[id]/page.tsx(98,14): error TS2304: Cannot find name 'CardHeader'.
src/app/dashboard/orders/[id]/page.tsx(99,18): error TS2304: Cannot find name 'CardTitle'.
src/app/dashboard/orders/[id]/page.tsx(99,35): error TS2304: Cannot find name 'CardTitle'.
src/app/dashboard/orders/[id]/page.tsx(100,15): error TS2304: Cannot find name 'CardHeader'.
src/app/dashboard/orders/[id]/page.tsx(101,14): error TS2304: Cannot find name 'CardContent'.
src/app/dashboard/orders/[id]/page.tsx(113,46): error TS7006: Parameter 'item' implicitly has an 'any' type.
src/app/dashboard/orders/[id]/page.tsx(124,15): error TS2304: Cannot find name 'CardContent'.
src/app/dashboard/orders/[id]/page.tsx(125,11): error TS2304: Cannot find name 'Card'.
src/app/dashboard/products/[id]/page.tsx(43,20): error TS2322: Type '{ price: number; category: string | undefined; weight: number | undefined; unit: string; description: string | undefined; image: string | undefined; id: string; name: string; type: $Enums.ProductType; sku: string; minStock: number; createdAt: Date; updatedAt: Date; }' is not assignable to type 'ProductData'.
  Types of property 'description' are incompatible.
    Type 'string | undefined' is not assignable to type 'string | null'.
      Type 'undefined' is not assignable to type 'string | null'.
src/auth.config.ts(37,9): error TS2322: Type 'string' is not assignable to type 'Role'.
src/components/batches/batch-form.tsx(60,27): error TS2339: Property 'PLANNED' does not exist on type '{ OK: "OK"; HOLD: "HOLD"; REJECT: "REJECT"; }'.
src/components/batches/batch-form.tsx(67,5): error TS2322: Type 'Resolver<{ batchCode: string; productId: string; quantity: unknown; status: "OK" | "HOLD" | "REJECT"; manufactureDate?: string | undefined; expiryDate?: string | undefined; notes?: string | undefined; }, any, { ...; }>' is not assignable to type 'Resolver<{ batchCode: string; productId: string; quantity: number; status: "OK" | "HOLD" | "REJECT"; manufactureDate?: string | undefined; expiryDate?: string | undefined; notes?: string | undefined; }, any, { ...; }>'.
  Types of parameters 'options' and 'options' are incompatible.
    Type 'ResolverOptions<{ batchCode: string; productId: string; quantity: number; status: "OK" | "HOLD" | "REJECT"; manufactureDate?: string | undefined; expiryDate?: string | undefined; notes?: string | undefined; }>' is not assignable to type 'ResolverOptions<{ batchCode: string; productId: string; quantity: unknown; status: "OK" | "HOLD" | "REJECT"; manufactureDate?: string | undefined; expiryDate?: string | undefined; notes?: string | undefined; }>'.
      Type 'unknown' is not assignable to type 'number'.
src/components/batches/batch-form.tsx(98,41): error TS2345: Argument of type '(data: { batchCode: string; productId: string; quantity: number; status: "OK" | "HOLD" | "REJECT"; manufactureDate?: string | undefined; expiryDate?: string | undefined; notes?: string | undefined; }) => void' is not assignable to parameter of type 'SubmitHandler<TFieldValues>'.
  Types of parameters 'data' and 'data' are incompatible.
    Type 'TFieldValues' is not assignable to type '{ batchCode: string; productId: string; quantity: number; status: "OK" | "HOLD" | "REJECT"; manufactureDate?: string | undefined; expiryDate?: string | undefined; notes?: string | undefined; }'.
      Type 'FieldValues' is missing the following properties from type '{ batchCode: string; productId: string; quantity: number; status: "OK" | "HOLD" | "REJECT"; manufactureDate?: string | undefined; expiryDate?: string | undefined; notes?: string | undefined; }': batchCode, productId, quantity, status
src/components/batches/batch-form.tsx(106,13): error TS2322: Type 'Control<{ batchCode: string; productId: string; quantity: number; status: "OK" | "HOLD" | "REJECT"; manufactureDate?: string | undefined; expiryDate?: string | undefined; notes?: string | undefined; }, any, TFieldValues>' is not assignable to type 'Control<{ batchCode: string; productId: string; quantity: number; status: "OK" | "HOLD" | "REJECT"; manufactureDate?: string | undefined; expiryDate?: string | undefined; notes?: string | undefined; }, any, { ...; }>'.
  The types of '_options.resolver' are incompatible between these types.
    Type 'Resolver<{ batchCode: string; productId: string; quantity: number; status: "OK" | "HOLD" | "REJECT"; manufactureDate?: string | undefined; expiryDate?: string | undefined; notes?: string | undefined; }, any, TFieldValues> | undefined' is not assignable to type 'Resolver<{ batchCode: string; productId: string; quantity: number; status: "OK" | "HOLD" | "REJECT"; manufactureDate?: string | undefined; expiryDate?: string | undefined; notes?: string | undefined; }, any, { ...; }> | undefined'.
      Type 'Resolver<{ batchCode: string; productId: string; quantity: number; status: "OK" | "HOLD" | "REJECT"; manufactureDate?: string | undefined; expiryDate?: string | undefined; notes?: string | undefined; }, any, TFieldValues>' is not assignable to type 'Resolver<{ batchCode: string; productId: string; quantity: number; status: "OK" | "HOLD" | "REJECT"; manufactureDate?: string | undefined; expiryDate?: string | undefined; notes?: string | undefined; }, any, { ...; }>'.
        Type 'ResolverResult<{ batchCode: string; productId: string; quantity: number; status: "OK" | "HOLD" | "REJECT"; manufactureDate?: string | undefined; expiryDate?: string | undefined; notes?: string | undefined; }, TFieldValues> | Promise<...>' is not assignable to type 'ResolverResult<{ batchCode: string; productId: string; quantity: number; status: "OK" | "HOLD" | "REJECT"; manufactureDate?: string | undefined; expiryDate?: string | undefined; notes?: string | undefined; }, { ...; }> | Promise<...>'.
          Type 'ResolverSuccess<TFieldValues>' is not assignable to type 'ResolverResult<{ batchCode: string; productId: string; quantity: number; status: "OK" | "HOLD" | "REJECT"; manufactureDate?: string | undefined; expiryDate?: string | undefined; notes?: string | undefined; }, { ...; }> | Promise<...>'.
            Type 'ResolverSuccess<TFieldValues>' is not assignable to type 'ResolverSuccess<{ batchCode: string; productId: string; quantity: number; status: "OK" | "HOLD" | "REJECT"; manufactureDate?: string | undefined; expiryDate?: string | undefined; notes?: string | undefined; }>'.
              Type 'TFieldValues' is not assignable to type '{ batchCode: string; productId: string; quantity: number; status: "OK" | "HOLD" | "REJECT"; manufactureDate?: string | undefined; expiryDate?: string | undefined; notes?: string | undefined; }'.
                Type 'FieldValues' is missing the following properties from type '{ batchCode: string; productId: string; quantity: number; status: "OK" | "HOLD" | "REJECT"; manufactureDate?: string | undefined; expiryDate?: string | undefined; notes?: string | undefined; }': batchCode, productId, quantity, status
src/components/batches/batch-form.tsx(119,11): error TS2322: Type 'Control<{ batchCode: string; productId: string; quantity: number; status: "OK" | "HOLD" | "REJECT"; manufactureDate?: string | undefined; expiryDate?: string | undefined; notes?: string | undefined; }, any, TFieldValues>' is not assignable to type 'Control<{ batchCode: string; productId: string; quantity: number; status: "OK" | "HOLD" | "REJECT"; manufactureDate?: string | undefined; expiryDate?: string | undefined; notes?: string | undefined; }, any, { ...; }>'.
  The types of '_options.resolver' are incompatible between these types.
    Type 'Resolver<{ batchCode: string; productId: string; quantity: number; status: "OK" | "HOLD" | "REJECT"; manufactureDate?: string | undefined; expiryDate?: string | undefined; notes?: string | undefined; }, any, TFieldValues> | undefined' is not assignable to type 'Resolver<{ batchCode: string; productId: string; quantity: number; status: "OK" | "HOLD" | "REJECT"; manufactureDate?: string | undefined; expiryDate?: string | undefined; notes?: string | undefined; }, any, { ...; }> | undefined'.
      Type 'Resolver<{ batchCode: string; productId: string; quantity: number; status: "OK" | "HOLD" | "REJECT"; manufactureDate?: string | undefined; expiryDate?: string | undefined; notes?: string | undefined; }, any, TFieldValues>' is not assignable to type 'Resolver<{ batchCode: string; productId: string; quantity: number; status: "OK" | "HOLD" | "REJECT"; manufactureDate?: string | undefined; expiryDate?: string | undefined; notes?: string | undefined; }, any, { ...; }>'.
        Type 'ResolverResult<{ batchCode: string; productId: string; quantity: number; status: "OK" | "HOLD" | "REJECT"; manufactureDate?: string | undefined; expiryDate?: string | undefined; notes?: string | undefined; }, TFieldValues> | Promise<...>' is not assignable to type 'ResolverResult<{ batchCode: string; productId: string; quantity: number; status: "OK" | "HOLD" | "REJECT"; manufactureDate?: string | undefined; expiryDate?: string | undefined; notes?: string | undefined; }, { ...; }> | Promise<...>'.
          Type 'ResolverSuccess<TFieldValues>' is not assignable to type 'ResolverResult<{ batchCode: string; productId: string; quantity: number; status: "OK" | "HOLD" | "REJECT"; manufactureDate?: string | undefined; expiryDate?: string | undefined; notes?: string | undefined; }, { ...; }> | Promise<...>'.
            Type 'ResolverSuccess<TFieldValues>' is not assignable to type 'ResolverSuccess<{ batchCode: string; productId: string; quantity: number; status: "OK" | "HOLD" | "REJECT"; manufactureDate?: string | undefined; expiryDate?: string | undefined; notes?: string | undefined; }>'.
              Type 'TFieldValues' is not assignable to type '{ batchCode: string; productId: string; quantity: number; status: "OK" | "HOLD" | "REJECT"; manufactureDate?: string | undefined; expiryDate?: string | undefined; notes?: string | undefined; }'.
                Type 'FieldValues' is missing the following properties from type '{ batchCode: string; productId: string; quantity: number; status: "OK" | "HOLD" | "REJECT"; manufactureDate?: string | undefined; expiryDate?: string | undefined; notes?: string | undefined; }': batchCode, productId, quantity, status
src/components/batches/batch-form.tsx(146,13): error TS2322: Type 'Control<{ batchCode: string; productId: string; quantity: number; status: "OK" | "HOLD" | "REJECT"; manufactureDate?: string | undefined; expiryDate?: string | undefined; notes?: string | undefined; }, any, TFieldValues>' is not assignable to type 'Control<{ batchCode: string; productId: string; quantity: number; status: "OK" | "HOLD" | "REJECT"; manufactureDate?: string | undefined; expiryDate?: string | undefined; notes?: string | undefined; }, any, { ...; }>'.
  The types of '_options.resolver' are incompatible between these types.
    Type 'Resolver<{ batchCode: string; productId: string; quantity: number; status: "OK" | "HOLD" | "REJECT"; manufactureDate?: string | undefined; expiryDate?: string | undefined; notes?: string | undefined; }, any, TFieldValues> | undefined' is not assignable to type 'Resolver<{ batchCode: string; productId: string; quantity: number; status: "OK" | "HOLD" | "REJECT"; manufactureDate?: string | undefined; expiryDate?: string | undefined; notes?: string | undefined; }, any, { ...; }> | undefined'.
      Type 'Resolver<{ batchCode: string; productId: string; quantity: number; status: "OK" | "HOLD" | "REJECT"; manufactureDate?: string | undefined; expiryDate?: string | undefined; notes?: string | undefined; }, any, TFieldValues>' is not assignable to type 'Resolver<{ batchCode: string; productId: string; quantity: number; status: "OK" | "HOLD" | "REJECT"; manufactureDate?: string | undefined; expiryDate?: string | undefined; notes?: string | undefined; }, any, { ...; }>'.
        Type 'ResolverResult<{ batchCode: string; productId: string; quantity: number; status: "OK" | "HOLD" | "REJECT"; manufactureDate?: string | undefined; expiryDate?: string | undefined; notes?: string | undefined; }, TFieldValues> | Promise<...>' is not assignable to type 'ResolverResult<{ batchCode: string; productId: string; quantity: number; status: "OK" | "HOLD" | "REJECT"; manufactureDate?: string | undefined; expiryDate?: string | undefined; notes?: string | undefined; }, { ...; }> | Promise<...>'.
          Type 'ResolverSuccess<TFieldValues>' is not assignable to type 'ResolverResult<{ batchCode: string; productId: string; quantity: number; status: "OK" | "HOLD" | "REJECT"; manufactureDate?: string | undefined; expiryDate?: string | undefined; notes?: string | undefined; }, { ...; }> | Promise<...>'.
            Type 'ResolverSuccess<TFieldValues>' is not assignable to type 'ResolverSuccess<{ batchCode: string; productId: string; quantity: number; status: "OK" | "HOLD" | "REJECT"; manufactureDate?: string | undefined; expiryDate?: string | undefined; notes?: string | undefined; }>'.
              Type 'TFieldValues' is not assignable to type '{ batchCode: string; productId: string; quantity: number; status: "OK" | "HOLD" | "REJECT"; manufactureDate?: string | undefined; expiryDate?: string | undefined; notes?: string | undefined; }'.
                Type 'FieldValues' is missing the following properties from type '{ batchCode: string; productId: string; quantity: number; status: "OK" | "HOLD" | "REJECT"; manufactureDate?: string | undefined; expiryDate?: string | undefined; notes?: string | undefined; }': batchCode, productId, quantity, status
src/components/batches/batch-form.tsx(159,11): error TS2322: Type 'Control<{ batchCode: string; productId: string; quantity: number; status: "OK" | "HOLD" | "REJECT"; manufactureDate?: string | undefined; expiryDate?: string | undefined; notes?: string | undefined; }, any, TFieldValues>' is not assignable to type 'Control<{ batchCode: string; productId: string; quantity: number; status: "OK" | "HOLD" | "REJECT"; manufactureDate?: string | undefined; expiryDate?: string | undefined; notes?: string | undefined; }, any, { ...; }>'.
  The types of '_options.resolver' are incompatible between these types.
    Type 'Resolver<{ batchCode: string; productId: string; quantity: number; status: "OK" | "HOLD" | "REJECT"; manufactureDate?: string | undefined; expiryDate?: string | undefined; notes?: string | undefined; }, any, TFieldValues> | undefined' is not assignable to type 'Resolver<{ batchCode: string; productId: string; quantity: number; status: "OK" | "HOLD" | "REJECT"; manufactureDate?: string | undefined; expiryDate?: string | undefined; notes?: string | undefined; }, any, { ...; }> | undefined'.
      Type 'Resolver<{ batchCode: string; productId: string; quantity: number; status: "OK" | "HOLD" | "REJECT"; manufactureDate?: string | undefined; expiryDate?: string | undefined; notes?: string | undefined; }, any, TFieldValues>' is not assignable to type 'Resolver<{ batchCode: string; productId: string; quantity: number; status: "OK" | "HOLD" | "REJECT"; manufactureDate?: string | undefined; expiryDate?: string | undefined; notes?: string | undefined; }, any, { ...; }>'.
        Type 'ResolverResult<{ batchCode: string; productId: string; quantity: number; status: "OK" | "HOLD" | "REJECT"; manufactureDate?: string | undefined; expiryDate?: string | undefined; notes?: string | undefined; }, TFieldValues> | Promise<...>' is not assignable to type 'ResolverResult<{ batchCode: string; productId: string; quantity: number; status: "OK" | "HOLD" | "REJECT"; manufactureDate?: string | undefined; expiryDate?: string | undefined; notes?: string | undefined; }, { ...; }> | Promise<...>'.
          Type 'ResolverSuccess<TFieldValues>' is not assignable to type 'ResolverResult<{ batchCode: string; productId: string; quantity: number; status: "OK" | "HOLD" | "REJECT"; manufactureDate?: string | undefined; expiryDate?: string | undefined; notes?: string | undefined; }, { ...; }> | Promise<...>'.
            Type 'ResolverSuccess<TFieldValues>' is not assignable to type 'ResolverSuccess<{ batchCode: string; productId: string; quantity: number; status: "OK" | "HOLD" | "REJECT"; manufactureDate?: string | undefined; expiryDate?: string | undefined; notes?: string | undefined; }>'.
              Type 'TFieldValues' is not assignable to type '{ batchCode: string; productId: string; quantity: number; status: "OK" | "HOLD" | "REJECT"; manufactureDate?: string | undefined; expiryDate?: string | undefined; notes?: string | undefined; }'.
                Type 'FieldValues' is missing the following properties from type '{ batchCode: string; productId: string; quantity: number; status: "OK" | "HOLD" | "REJECT"; manufactureDate?: string | undefined; expiryDate?: string | undefined; notes?: string | undefined; }': batchCode, productId, quantity, status
src/components/batches/batch-form.tsx(184,13): error TS2322: Type 'Control<{ batchCode: string; productId: string; quantity: number; status: "OK" | "HOLD" | "REJECT"; manufactureDate?: string | undefined; expiryDate?: string | undefined; notes?: string | undefined; }, any, TFieldValues>' is not assignable to type 'Control<{ batchCode: string; productId: string; quantity: number; status: "OK" | "HOLD" | "REJECT"; manufactureDate?: string | undefined; expiryDate?: string | undefined; notes?: string | undefined; }, any, { ...; }>'.
  The types of '_options.resolver' are incompatible between these types.
    Type 'Resolver<{ batchCode: string; productId: string; quantity: number; status: "OK" | "HOLD" | "REJECT"; manufactureDate?: string | undefined; expiryDate?: string | undefined; notes?: string | undefined; }, any, TFieldValues> | undefined' is not assignable to type 'Resolver<{ batchCode: string; productId: string; quantity: number; status: "OK" | "HOLD" | "REJECT"; manufactureDate?: string | undefined; expiryDate?: string | undefined; notes?: string | undefined; }, any, { ...; }> | undefined'.
      Type 'Resolver<{ batchCode: string; productId: string; quantity: number; status: "OK" | "HOLD" | "REJECT"; manufactureDate?: string | undefined; expiryDate?: string | undefined; notes?: string | undefined; }, any, TFieldValues>' is not assignable to type 'Resolver<{ batchCode: string; productId: string; quantity: number; status: "OK" | "HOLD" | "REJECT"; manufactureDate?: string | undefined; expiryDate?: string | undefined; notes?: string | undefined; }, any, { ...; }>'.
        Type 'ResolverResult<{ batchCode: string; productId: string; quantity: number; status: "OK" | "HOLD" | "REJECT"; manufactureDate?: string | undefined; expiryDate?: string | undefined; notes?: string | undefined; }, TFieldValues> | Promise<...>' is not assignable to type 'ResolverResult<{ batchCode: string; productId: string; quantity: number; status: "OK" | "HOLD" | "REJECT"; manufactureDate?: string | undefined; expiryDate?: string | undefined; notes?: string | undefined; }, { ...; }> | Promise<...>'.
          Type 'ResolverSuccess<TFieldValues>' is not assignable to type 'ResolverResult<{ batchCode: string; productId: string; quantity: number; status: "OK" | "HOLD" | "REJECT"; manufactureDate?: string | undefined; expiryDate?: string | undefined; notes?: string | undefined; }, { ...; }> | Promise<...>'.
            Type 'ResolverSuccess<TFieldValues>' is not assignable to type 'ResolverSuccess<{ batchCode: string; productId: string; quantity: number; status: "OK" | "HOLD" | "REJECT"; manufactureDate?: string | undefined; expiryDate?: string | undefined; notes?: string | undefined; }>'.
              Type 'TFieldValues' is not assignable to type '{ batchCode: string; productId: string; quantity: number; status: "OK" | "HOLD" | "REJECT"; manufactureDate?: string | undefined; expiryDate?: string | undefined; notes?: string | undefined; }'.
                Type 'FieldValues' is missing the following properties from type '{ batchCode: string; productId: string; quantity: number; status: "OK" | "HOLD" | "REJECT"; manufactureDate?: string | undefined; expiryDate?: string | undefined; notes?: string | undefined; }': batchCode, productId, quantity, status
src/components/batches/batch-form.tsx(197,13): error TS2322: Type 'Control<{ batchCode: string; productId: string; quantity: number; status: "OK" | "HOLD" | "REJECT"; manufactureDate?: string | undefined; expiryDate?: string | undefined; notes?: string | undefined; }, any, TFieldValues>' is not assignable to type 'Control<{ batchCode: string; productId: string; quantity: number; status: "OK" | "HOLD" | "REJECT"; manufactureDate?: string | undefined; expiryDate?: string | undefined; notes?: string | undefined; }, any, { ...; }>'.
  The types of '_options.resolver' are incompatible between these types.
    Type 'Resolver<{ batchCode: string; productId: string; quantity: number; status: "OK" | "HOLD" | "REJECT"; manufactureDate?: string | undefined; expiryDate?: string | undefined; notes?: string | undefined; }, any, TFieldValues> | undefined' is not assignable to type 'Resolver<{ batchCode: string; productId: string; quantity: number; status: "OK" | "HOLD" | "REJECT"; manufactureDate?: string | undefined; expiryDate?: string | undefined; notes?: string | undefined; }, any, { ...; }> | undefined'.
      Type 'Resolver<{ batchCode: string; productId: string; quantity: number; status: "OK" | "HOLD" | "REJECT"; manufactureDate?: string | undefined; expiryDate?: string | undefined; notes?: string | undefined; }, any, TFieldValues>' is not assignable to type 'Resolver<{ batchCode: string; productId: string; quantity: number; status: "OK" | "HOLD" | "REJECT"; manufactureDate?: string | undefined; expiryDate?: string | undefined; notes?: string | undefined; }, any, { ...; }>'.
        Type 'ResolverResult<{ batchCode: string; productId: string; quantity: number; status: "OK" | "HOLD" | "REJECT"; manufactureDate?: string | undefined; expiryDate?: string | undefined; notes?: string | undefined; }, TFieldValues> | Promise<...>' is not assignable to type 'ResolverResult<{ batchCode: string; productId: string; quantity: number; status: "OK" | "HOLD" | "REJECT"; manufactureDate?: string | undefined; expiryDate?: string | undefined; notes?: string | undefined; }, { ...; }> | Promise<...>'.
          Type 'ResolverSuccess<TFieldValues>' is not assignable to type 'ResolverResult<{ batchCode: string; productId: string; quantity: number; status: "OK" | "HOLD" | "REJECT"; manufactureDate?: string | undefined; expiryDate?: string | undefined; notes?: string | undefined; }, { ...; }> | Promise<...>'.
            Type 'ResolverSuccess<TFieldValues>' is not assignable to type 'ResolverSuccess<{ batchCode: string; productId: string; quantity: number; status: "OK" | "HOLD" | "REJECT"; manufactureDate?: string | undefined; expiryDate?: string | undefined; notes?: string | undefined; }>'.
              Type 'TFieldValues' is not assignable to type '{ batchCode: string; productId: string; quantity: number; status: "OK" | "HOLD" | "REJECT"; manufactureDate?: string | undefined; expiryDate?: string | undefined; notes?: string | undefined; }'.
                Type 'FieldValues' is missing the following properties from type '{ batchCode: string; productId: string; quantity: number; status: "OK" | "HOLD" | "REJECT"; manufactureDate?: string | undefined; expiryDate?: string | undefined; notes?: string | undefined; }': batchCode, productId, quantity, status
src/components/batches/batch-form.tsx(212,11): error TS2322: Type 'Control<{ batchCode: string; productId: string; quantity: number; status: "OK" | "HOLD" | "REJECT"; manufactureDate?: string | undefined; expiryDate?: string | undefined; notes?: string | undefined; }, any, TFieldValues>' is not assignable to type 'Control<{ batchCode: string; productId: string; quantity: number; status: "OK" | "HOLD" | "REJECT"; manufactureDate?: string | undefined; expiryDate?: string | undefined; notes?: string | undefined; }, any, { ...; }>'.
  The types of '_options.resolver' are incompatible between these types.
    Type 'Resolver<{ batchCode: string; productId: string; quantity: number; status: "OK" | "HOLD" | "REJECT"; manufactureDate?: string | undefined; expiryDate?: string | undefined; notes?: string | undefined; }, any, TFieldValues> | undefined' is not assignable to type 'Resolver<{ batchCode: string; productId: string; quantity: number; status: "OK" | "HOLD" | "REJECT"; manufactureDate?: string | undefined; expiryDate?: string | undefined; notes?: string | undefined; }, any, { ...; }> | undefined'.
      Type 'Resolver<{ batchCode: string; productId: string; quantity: number; status: "OK" | "HOLD" | "REJECT"; manufactureDate?: string | undefined; expiryDate?: string | undefined; notes?: string | undefined; }, any, TFieldValues>' is not assignable to type 'Resolver<{ batchCode: string; productId: string; quantity: number; status: "OK" | "HOLD" | "REJECT"; manufactureDate?: string | undefined; expiryDate?: string | undefined; notes?: string | undefined; }, any, { ...; }>'.
        Type 'ResolverResult<{ batchCode: string; productId: string; quantity: number; status: "OK" | "HOLD" | "REJECT"; manufactureDate?: string | undefined; expiryDate?: string | undefined; notes?: string | undefined; }, TFieldValues> | Promise<...>' is not assignable to type 'ResolverResult<{ batchCode: string; productId: string; quantity: number; status: "OK" | "HOLD" | "REJECT"; manufactureDate?: string | undefined; expiryDate?: string | undefined; notes?: string | undefined; }, { ...; }> | Promise<...>'.
          Type 'ResolverSuccess<TFieldValues>' is not assignable to type 'ResolverResult<{ batchCode: string; productId: string; quantity: number; status: "OK" | "HOLD" | "REJECT"; manufactureDate?: string | undefined; expiryDate?: string | undefined; notes?: string | undefined; }, { ...; }> | Promise<...>'.
            Type 'ResolverSuccess<TFieldValues>' is not assignable to type 'ResolverSuccess<{ batchCode: string; productId: string; quantity: number; status: "OK" | "HOLD" | "REJECT"; manufactureDate?: string | undefined; expiryDate?: string | undefined; notes?: string | undefined; }>'.
              Type 'TFieldValues' is not assignable to type '{ batchCode: string; productId: string; quantity: number; status: "OK" | "HOLD" | "REJECT"; manufactureDate?: string | undefined; expiryDate?: string | undefined; notes?: string | undefined; }'.
                Type 'FieldValues' is missing the following properties from type '{ batchCode: string; productId: string; quantity: number; status: "OK" | "HOLD" | "REJECT"; manufactureDate?: string | undefined; expiryDate?: string | undefined; notes?: string | undefined; }': batchCode, productId, quantity, status
src/components/batches/columns.tsx(42,26): error TS2339: Property 'PLANNED' does not exist on type '{ OK: "OK"; HOLD: "HOLD"; REJECT: "REJECT"; }'.
src/components/batches/columns.tsx(45,26): error TS2339: Property 'PRODUCING' does not exist on type '{ OK: "OK"; HOLD: "HOLD"; REJECT: "REJECT"; }'.
src/components/batches/columns.tsx(48,26): error TS2339: Property 'READY' does not exist on type '{ OK: "OK"; HOLD: "HOLD"; REJECT: "REJECT"; }'.
src/components/batches/columns.tsx(51,27): error TS2339: Property 'SOLD' does not exist on type '{ OK: "OK"; HOLD: "HOLD"; REJECT: "REJECT"; }'.
src/components/batches/columns.tsx(63,35): error TS2339: Property 'manufactureDate' does not exist on type 'BatchWithProduct'.
src/components/batches/columns.tsx(72,35): error TS2551: Property 'expiryDate' does not exist on type 'BatchWithProduct'. Did you mean 'expDate'?
src/components/exports/export-form.tsx(47,5): error TS2322: Type 'Resolver<{ productId: string; quantity: unknown; clientId?: string | undefined; notes?: string | undefined; }, any, { productId: string; quantity: number; clientId?: string | undefined; notes?: string | undefined; }>' is not assignable to type 'Resolver<{ productId: string; quantity: number; clientId?: string | undefined; notes?: string | undefined; }, any, { productId: string; quantity: number; clientId?: string | undefined; notes?: string | undefined; }>'.
  Types of parameters 'options' and 'options' are incompatible.
    Type 'ResolverOptions<{ productId: string; quantity: number; clientId?: string | undefined; notes?: string | undefined; }>' is not assignable to type 'ResolverOptions<{ productId: string; quantity: unknown; clientId?: string | undefined; notes?: string | undefined; }>'.
      Type 'unknown' is not assignable to type 'number'.
src/components/exports/export-form.tsx(77,41): error TS2345: Argument of type '(data: { productId: string; quantity: number; clientId?: string | undefined; notes?: string | undefined; }) => void' is not assignable to parameter of type 'SubmitHandler<TFieldValues>'.
  Types of parameters 'data' and 'data' are incompatible.
    Type 'TFieldValues' is not assignable to type '{ productId: string; quantity: number; clientId?: string | undefined; notes?: string | undefined; }'.
      Type 'FieldValues' is missing the following properties from type '{ productId: string; quantity: number; clientId?: string | undefined; notes?: string | undefined; }': productId, quantity
src/components/exports/export-form.tsx(85,11): error TS2322: Type 'Control<{ productId: string; quantity: number; clientId?: string | undefined; notes?: string | undefined; }, any, TFieldValues>' is not assignable to type 'Control<{ productId: string; quantity: number; clientId?: string | undefined; notes?: string | undefined; }, any, { productId: string; quantity: number; clientId?: string | undefined; notes?: string | undefined; }>'.
  The types of '_options.resolver' are incompatible between these types.
    Type 'Resolver<{ productId: string; quantity: number; clientId?: string | undefined; notes?: string | undefined; }, any, TFieldValues> | undefined' is not assignable to type 'Resolver<{ productId: string; quantity: number; clientId?: string | undefined; notes?: string | undefined; }, any, { productId: string; quantity: number; clientId?: string | undefined; notes?: string | undefined; }> | undefined'.
      Type 'Resolver<{ productId: string; quantity: number; clientId?: string | undefined; notes?: string | undefined; }, any, TFieldValues>' is not assignable to type 'Resolver<{ productId: string; quantity: number; clientId?: string | undefined; notes?: string | undefined; }, any, { productId: string; quantity: number; clientId?: string | undefined; notes?: string | undefined; }>'.
        Type 'ResolverResult<{ productId: string; quantity: number; clientId?: string | undefined; notes?: string | undefined; }, TFieldValues> | Promise<ResolverResult<{ productId: string; quantity: number; clientId?: string | undefined; notes?: string | undefined; }, TFieldValues>>' is not assignable to type 'ResolverResult<{ productId: string; quantity: number; clientId?: string | undefined; notes?: string | undefined; }, { productId: string; quantity: number; clientId?: string | undefined; notes?: string | undefined; }> | Promise<...>'.
          Type 'ResolverSuccess<TFieldValues>' is not assignable to type 'ResolverResult<{ productId: string; quantity: number; clientId?: string | undefined; notes?: string | undefined; }, { productId: string; quantity: number; clientId?: string | undefined; notes?: string | undefined; }> | Promise<...>'.
            Type 'ResolverSuccess<TFieldValues>' is not assignable to type 'ResolverSuccess<{ productId: string; quantity: number; clientId?: string | undefined; notes?: string | undefined; }>'.
              Type 'TFieldValues' is not assignable to type '{ productId: string; quantity: number; clientId?: string | undefined; notes?: string | undefined; }'.
                Type 'FieldValues' is missing the following properties from type '{ productId: string; quantity: number; clientId?: string | undefined; notes?: string | undefined; }': productId, quantity
src/components/exports/export-form.tsx(110,13): error TS2322: Type 'Control<{ productId: string; quantity: number; clientId?: string | undefined; notes?: string | undefined; }, any, TFieldValues>' is not assignable to type 'Control<{ productId: string; quantity: number; clientId?: string | undefined; notes?: string | undefined; }, any, { productId: string; quantity: number; clientId?: string | undefined; notes?: string | undefined; }>'.
  The types of '_options.resolver' are incompatible between these types.
    Type 'Resolver<{ productId: string; quantity: number; clientId?: string | undefined; notes?: string | undefined; }, any, TFieldValues> | undefined' is not assignable to type 'Resolver<{ productId: string; quantity: number; clientId?: string | undefined; notes?: string | undefined; }, any, { productId: string; quantity: number; clientId?: string | undefined; notes?: string | undefined; }> | undefined'.
      Type 'Resolver<{ productId: string; quantity: number; clientId?: string | undefined; notes?: string | undefined; }, any, TFieldValues>' is not assignable to type 'Resolver<{ productId: string; quantity: number; clientId?: string | undefined; notes?: string | undefined; }, any, { productId: string; quantity: number; clientId?: string | undefined; notes?: string | undefined; }>'.
        Type 'ResolverResult<{ productId: string; quantity: number; clientId?: string | undefined; notes?: string | undefined; }, TFieldValues> | Promise<ResolverResult<{ productId: string; quantity: number; clientId?: string | undefined; notes?: string | undefined; }, TFieldValues>>' is not assignable to type 'ResolverResult<{ productId: string; quantity: number; clientId?: string | undefined; notes?: string | undefined; }, { productId: string; quantity: number; clientId?: string | undefined; notes?: string | undefined; }> | Promise<...>'.
          Type 'ResolverSuccess<TFieldValues>' is not assignable to type 'ResolverResult<{ productId: string; quantity: number; clientId?: string | undefined; notes?: string | undefined; }, { productId: string; quantity: number; clientId?: string | undefined; notes?: string | undefined; }> | Promise<...>'.
            Type 'ResolverSuccess<TFieldValues>' is not assignable to type 'ResolverSuccess<{ productId: string; quantity: number; clientId?: string | undefined; notes?: string | undefined; }>'.
              Type 'TFieldValues' is not assignable to type '{ productId: string; quantity: number; clientId?: string | undefined; notes?: string | undefined; }'.
                Type 'FieldValues' is missing the following properties from type '{ productId: string; quantity: number; clientId?: string | undefined; notes?: string | undefined; }': productId, quantity
src/components/exports/export-form.tsx(124,13): error TS2322: Type 'Control<{ productId: string; quantity: number; clientId?: string | undefined; notes?: string | undefined; }, any, TFieldValues>' is not assignable to type 'Control<{ productId: string; quantity: number; clientId?: string | undefined; notes?: string | undefined; }, any, { productId: string; quantity: number; clientId?: string | undefined; notes?: string | undefined; }>'.
  The types of '_options.resolver' are incompatible between these types.
    Type 'Resolver<{ productId: string; quantity: number; clientId?: string | undefined; notes?: string | undefined; }, any, TFieldValues> | undefined' is not assignable to type 'Resolver<{ productId: string; quantity: number; clientId?: string | undefined; notes?: string | undefined; }, any, { productId: string; quantity: number; clientId?: string | undefined; notes?: string | undefined; }> | undefined'.
      Type 'Resolver<{ productId: string; quantity: number; clientId?: string | undefined; notes?: string | undefined; }, any, TFieldValues>' is not assignable to type 'Resolver<{ productId: string; quantity: number; clientId?: string | undefined; notes?: string | undefined; }, any, { productId: string; quantity: number; clientId?: string | undefined; notes?: string | undefined; }>'.
        Type 'ResolverResult<{ productId: string; quantity: number; clientId?: string | undefined; notes?: string | undefined; }, TFieldValues> | Promise<ResolverResult<{ productId: string; quantity: number; clientId?: string | undefined; notes?: string | undefined; }, TFieldValues>>' is not assignable to type 'ResolverResult<{ productId: string; quantity: number; clientId?: string | undefined; notes?: string | undefined; }, { productId: string; quantity: number; clientId?: string | undefined; notes?: string | undefined; }> | Promise<...>'.
          Type 'ResolverSuccess<TFieldValues>' is not assignable to type 'ResolverResult<{ productId: string; quantity: number; clientId?: string | undefined; notes?: string | undefined; }, { productId: string; quantity: number; clientId?: string | undefined; notes?: string | undefined; }> | Promise<...>'.
            Type 'ResolverSuccess<TFieldValues>' is not assignable to type 'ResolverSuccess<{ productId: string; quantity: number; clientId?: string | undefined; notes?: string | undefined; }>'.
              Type 'TFieldValues' is not assignable to type '{ productId: string; quantity: number; clientId?: string | undefined; notes?: string | undefined; }'.
                Type 'FieldValues' is missing the following properties from type '{ productId: string; quantity: number; clientId?: string | undefined; notes?: string | undefined; }': productId, quantity
src/components/exports/export-form.tsx(138,11): error TS2322: Type 'Control<{ productId: string; quantity: number; clientId?: string | undefined; notes?: string | undefined; }, any, TFieldValues>' is not assignable to type 'Control<{ productId: string; quantity: number; clientId?: string | undefined; notes?: string | undefined; }, any, { productId: string; quantity: number; clientId?: string | undefined; notes?: string | undefined; }>'.
  The types of '_options.resolver' are incompatible between these types.
    Type 'Resolver<{ productId: string; quantity: number; clientId?: string | undefined; notes?: string | undefined; }, any, TFieldValues> | undefined' is not assignable to type 'Resolver<{ productId: string; quantity: number; clientId?: string | undefined; notes?: string | undefined; }, any, { productId: string; quantity: number; clientId?: string | undefined; notes?: string | undefined; }> | undefined'.
      Type 'Resolver<{ productId: string; quantity: number; clientId?: string | undefined; notes?: string | undefined; }, any, TFieldValues>' is not assignable to type 'Resolver<{ productId: string; quantity: number; clientId?: string | undefined; notes?: string | undefined; }, any, { productId: string; quantity: number; clientId?: string | undefined; notes?: string | undefined; }>'.
        Type 'ResolverResult<{ productId: string; quantity: number; clientId?: string | undefined; notes?: string | undefined; }, TFieldValues> | Promise<ResolverResult<{ productId: string; quantity: number; clientId?: string | undefined; notes?: string | undefined; }, TFieldValues>>' is not assignable to type 'ResolverResult<{ productId: string; quantity: number; clientId?: string | undefined; notes?: string | undefined; }, { productId: string; quantity: number; clientId?: string | undefined; notes?: string | undefined; }> | Promise<...>'.
          Type 'ResolverSuccess<TFieldValues>' is not assignable to type 'ResolverResult<{ productId: string; quantity: number; clientId?: string | undefined; notes?: string | undefined; }, { productId: string; quantity: number; clientId?: string | undefined; notes?: string | undefined; }> | Promise<...>'.
            Type 'ResolverSuccess<TFieldValues>' is not assignable to type 'ResolverSuccess<{ productId: string; quantity: number; clientId?: string | undefined; notes?: string | undefined; }>'.
              Type 'TFieldValues' is not assignable to type '{ productId: string; quantity: number; clientId?: string | undefined; notes?: string | undefined; }'.
                Type 'FieldValues' is missing the following properties from type '{ productId: string; quantity: number; clientId?: string | undefined; notes?: string | undefined; }': productId, quantity
src/components/imports/import-form.tsx(50,5): error TS2322: Type 'Resolver<{ supplier: string; quantity: unknown; materialName?: string | undefined; productId?: string | undefined; unit?: string | undefined; cost?: unknown; notes?: string | undefined; }, any, { supplier: string; ... 5 more ...; notes?: string | undefined; }>' is not assignable to type 'Resolver<{ supplier: string; quantity: number; unit: string; materialName?: string | undefined; productId?: string | undefined; cost?: number | undefined; notes?: string | undefined; }, any, { ...; }>'.
  Types of parameters 'options' and 'options' are incompatible.
    Type 'ResolverOptions<{ supplier: string; quantity: number; unit: string; materialName?: string | undefined; productId?: string | undefined; cost?: number | undefined; notes?: string | undefined; }>' is not assignable to type 'ResolverOptions<{ supplier: string; quantity: unknown; materialName?: string | undefined; productId?: string | undefined; unit?: string | undefined; cost?: unknown; notes?: string | undefined; }>'.
      Type 'unknown' is not assignable to type 'number'.
src/components/imports/import-form.tsx(82,41): error TS2345: Argument of type '(data: { supplier: string; quantity: number; unit: string; materialName?: string | undefined; productId?: string | undefined; cost?: number | undefined; notes?: string | undefined; }) => void' is not assignable to parameter of type 'SubmitHandler<TFieldValues>'.
  Types of parameters 'data' and 'data' are incompatible.
    Type 'TFieldValues' is not assignable to type '{ supplier: string; quantity: number; unit: string; materialName?: string | undefined; productId?: string | undefined; cost?: number | undefined; notes?: string | undefined; }'.
      Type 'FieldValues' is missing the following properties from type '{ supplier: string; quantity: number; unit: string; materialName?: string | undefined; productId?: string | undefined; cost?: number | undefined; notes?: string | undefined; }': supplier, quantity, unit
src/components/imports/import-form.tsx(90,11): error TS2322: Type 'Control<{ supplier: string; quantity: number; unit: string; materialName?: string | undefined; productId?: string | undefined; cost?: number | undefined; notes?: string | undefined; }, any, TFieldValues>' is not assignable to type 'Control<{ supplier: string; quantity: number; unit: string; materialName?: string | undefined; productId?: string | undefined; cost?: number | undefined; notes?: string | undefined; }, any, { ...; }>'.
  The types of '_options.resolver' are incompatible between these types.
    Type 'Resolver<{ supplier: string; quantity: number; unit: string; materialName?: string | undefined; productId?: string | undefined; cost?: number | undefined; notes?: string | undefined; }, any, TFieldValues> | undefined' is not assignable to type 'Resolver<{ supplier: string; quantity: number; unit: string; materialName?: string | undefined; productId?: string | undefined; cost?: number | undefined; notes?: string | undefined; }, any, { ...; }> | undefined'.
      Type 'Resolver<{ supplier: string; quantity: number; unit: string; materialName?: string | undefined; productId?: string | undefined; cost?: number | undefined; notes?: string | undefined; }, any, TFieldValues>' is not assignable to type 'Resolver<{ supplier: string; quantity: number; unit: string; materialName?: string | undefined; productId?: string | undefined; cost?: number | undefined; notes?: string | undefined; }, any, { ...; }>'.
        Type 'ResolverResult<{ supplier: string; quantity: number; unit: string; materialName?: string | undefined; productId?: string | undefined; cost?: number | undefined; notes?: string | undefined; }, TFieldValues> | Promise<...>' is not assignable to type 'ResolverResult<{ supplier: string; quantity: number; unit: string; materialName?: string | undefined; productId?: string | undefined; cost?: number | undefined; notes?: string | undefined; }, { supplier: string; ... 5 more ...; notes?: string | undefined; }> | Promise<...>'.
          Type 'ResolverSuccess<TFieldValues>' is not assignable to type 'ResolverResult<{ supplier: string; quantity: number; unit: string; materialName?: string | undefined; productId?: string | undefined; cost?: number | undefined; notes?: string | undefined; }, { supplier: string; ... 5 more ...; notes?: string | undefined; }> | Promise<...>'.
            Type 'ResolverSuccess<TFieldValues>' is not assignable to type 'ResolverSuccess<{ supplier: string; quantity: number; unit: string; materialName?: string | undefined; productId?: string | undefined; cost?: number | undefined; notes?: string | undefined; }>'.
              Type 'TFieldValues' is not assignable to type '{ supplier: string; quantity: number; unit: string; materialName?: string | undefined; productId?: string | undefined; cost?: number | undefined; notes?: string | undefined; }'.
                Type 'FieldValues' is missing the following properties from type '{ supplier: string; quantity: number; unit: string; materialName?: string | undefined; productId?: string | undefined; cost?: number | undefined; notes?: string | undefined; }': supplier, quantity, unit
src/components/imports/import-form.tsx(115,13): error TS2322: Type 'Control<{ supplier: string; quantity: number; unit: string; materialName?: string | undefined; productId?: string | undefined; cost?: number | undefined; notes?: string | undefined; }, any, TFieldValues>' is not assignable to type 'Control<{ supplier: string; quantity: number; unit: string; materialName?: string | undefined; productId?: string | undefined; cost?: number | undefined; notes?: string | undefined; }, any, { ...; }>'.
  The types of '_options.resolver' are incompatible between these types.
    Type 'Resolver<{ supplier: string; quantity: number; unit: string; materialName?: string | undefined; productId?: string | undefined; cost?: number | undefined; notes?: string | undefined; }, any, TFieldValues> | undefined' is not assignable to type 'Resolver<{ supplier: string; quantity: number; unit: string; materialName?: string | undefined; productId?: string | undefined; cost?: number | undefined; notes?: string | undefined; }, any, { ...; }> | undefined'.
      Type 'Resolver<{ supplier: string; quantity: number; unit: string; materialName?: string | undefined; productId?: string | undefined; cost?: number | undefined; notes?: string | undefined; }, any, TFieldValues>' is not assignable to type 'Resolver<{ supplier: string; quantity: number; unit: string; materialName?: string | undefined; productId?: string | undefined; cost?: number | undefined; notes?: string | undefined; }, any, { ...; }>'.
        Type 'ResolverResult<{ supplier: string; quantity: number; unit: string; materialName?: string | undefined; productId?: string | undefined; cost?: number | undefined; notes?: string | undefined; }, TFieldValues> | Promise<...>' is not assignable to type 'ResolverResult<{ supplier: string; quantity: number; unit: string; materialName?: string | undefined; productId?: string | undefined; cost?: number | undefined; notes?: string | undefined; }, { supplier: string; ... 5 more ...; notes?: string | undefined; }> | Promise<...>'.
          Type 'ResolverSuccess<TFieldValues>' is not assignable to type 'ResolverResult<{ supplier: string; quantity: number; unit: string; materialName?: string | undefined; productId?: string | undefined; cost?: number | undefined; notes?: string | undefined; }, { supplier: string; ... 5 more ...; notes?: string | undefined; }> | Promise<...>'.
            Type 'ResolverSuccess<TFieldValues>' is not assignable to type 'ResolverSuccess<{ supplier: string; quantity: number; unit: string; materialName?: string | undefined; productId?: string | undefined; cost?: number | undefined; notes?: string | undefined; }>'.
              Type 'TFieldValues' is not assignable to type '{ supplier: string; quantity: number; unit: string; materialName?: string | undefined; productId?: string | undefined; cost?: number | undefined; notes?: string | undefined; }'.
                Type 'FieldValues' is missing the following properties from type '{ supplier: string; quantity: number; unit: string; materialName?: string | undefined; productId?: string | undefined; cost?: number | undefined; notes?: string | undefined; }': supplier, quantity, unit
src/components/imports/import-form.tsx(129,13): error TS2322: Type 'Control<{ supplier: string; quantity: number; unit: string; materialName?: string | undefined; productId?: string | undefined; cost?: number | undefined; notes?: string | undefined; }, any, TFieldValues>' is not assignable to type 'Control<{ supplier: string; quantity: number; unit: string; materialName?: string | undefined; productId?: string | undefined; cost?: number | undefined; notes?: string | undefined; }, any, { ...; }>'.
  The types of '_options.resolver' are incompatible between these types.
    Type 'Resolver<{ supplier: string; quantity: number; unit: string; materialName?: string | undefined; productId?: string | undefined; cost?: number | undefined; notes?: string | undefined; }, any, TFieldValues> | undefined' is not assignable to type 'Resolver<{ supplier: string; quantity: number; unit: string; materialName?: string | undefined; productId?: string | undefined; cost?: number | undefined; notes?: string | undefined; }, any, { ...; }> | undefined'.
      Type 'Resolver<{ supplier: string; quantity: number; unit: string; materialName?: string | undefined; productId?: string | undefined; cost?: number | undefined; notes?: string | undefined; }, any, TFieldValues>' is not assignable to type 'Resolver<{ supplier: string; quantity: number; unit: string; materialName?: string | undefined; productId?: string | undefined; cost?: number | undefined; notes?: string | undefined; }, any, { ...; }>'.
        Type 'ResolverResult<{ supplier: string; quantity: number; unit: string; materialName?: string | undefined; productId?: string | undefined; cost?: number | undefined; notes?: string | undefined; }, TFieldValues> | Promise<...>' is not assignable to type 'ResolverResult<{ supplier: string; quantity: number; unit: string; materialName?: string | undefined; productId?: string | undefined; cost?: number | undefined; notes?: string | undefined; }, { supplier: string; ... 5 more ...; notes?: string | undefined; }> | Promise<...>'.
          Type 'ResolverSuccess<TFieldValues>' is not assignable to type 'ResolverResult<{ supplier: string; quantity: number; unit: string; materialName?: string | undefined; productId?: string | undefined; cost?: number | undefined; notes?: string | undefined; }, { supplier: string; ... 5 more ...; notes?: string | undefined; }> | Promise<...>'.
            Type 'ResolverSuccess<TFieldValues>' is not assignable to type 'ResolverSuccess<{ supplier: string; quantity: number; unit: string; materialName?: string | undefined; productId?: string | undefined; cost?: number | undefined; notes?: string | undefined; }>'.
              Type 'TFieldValues' is not assignable to type '{ supplier: string; quantity: number; unit: string; materialName?: string | undefined; productId?: string | undefined; cost?: number | undefined; notes?: string | undefined; }'.
                Type 'FieldValues' is missing the following properties from type '{ supplier: string; quantity: number; unit: string; materialName?: string | undefined; productId?: string | undefined; cost?: number | undefined; notes?: string | undefined; }': supplier, quantity, unit
src/components/imports/import-form.tsx(144,13): error TS2322: Type 'Control<{ supplier: string; quantity: number; unit: string; materialName?: string | undefined; productId?: string | undefined; cost?: number | undefined; notes?: string | undefined; }, any, TFieldValues>' is not assignable to type 'Control<{ supplier: string; quantity: number; unit: string; materialName?: string | undefined; productId?: string | undefined; cost?: number | undefined; notes?: string | undefined; }, any, { ...; }>'.
  The types of '_options.resolver' are incompatible between these types.
    Type 'Resolver<{ supplier: string; quantity: number; unit: string; materialName?: string | undefined; productId?: string | undefined; cost?: number | undefined; notes?: string | undefined; }, any, TFieldValues> | undefined' is not assignable to type 'Resolver<{ supplier: string; quantity: number; unit: string; materialName?: string | undefined; productId?: string | undefined; cost?: number | undefined; notes?: string | undefined; }, any, { ...; }> | undefined'.
      Type 'Resolver<{ supplier: string; quantity: number; unit: string; materialName?: string | undefined; productId?: string | undefined; cost?: number | undefined; notes?: string | undefined; }, any, TFieldValues>' is not assignable to type 'Resolver<{ supplier: string; quantity: number; unit: string; materialName?: string | undefined; productId?: string | undefined; cost?: number | undefined; notes?: string | undefined; }, any, { ...; }>'.
        Type 'ResolverResult<{ supplier: string; quantity: number; unit: string; materialName?: string | undefined; productId?: string | undefined; cost?: number | undefined; notes?: string | undefined; }, TFieldValues> | Promise<...>' is not assignable to type 'ResolverResult<{ supplier: string; quantity: number; unit: string; materialName?: string | undefined; productId?: string | undefined; cost?: number | undefined; notes?: string | undefined; }, { supplier: string; ... 5 more ...; notes?: string | undefined; }> | Promise<...>'.
          Type 'ResolverSuccess<TFieldValues>' is not assignable to type 'ResolverResult<{ supplier: string; quantity: number; unit: string; materialName?: string | undefined; productId?: string | undefined; cost?: number | undefined; notes?: string | undefined; }, { supplier: string; ... 5 more ...; notes?: string | undefined; }> | Promise<...>'.
            Type 'ResolverSuccess<TFieldValues>' is not assignable to type 'ResolverSuccess<{ supplier: string; quantity: number; unit: string; materialName?: string | undefined; productId?: string | undefined; cost?: number | undefined; notes?: string | undefined; }>'.
              Type 'TFieldValues' is not assignable to type '{ supplier: string; quantity: number; unit: string; materialName?: string | undefined; productId?: string | undefined; cost?: number | undefined; notes?: string | undefined; }'.
                Type 'FieldValues' is missing the following properties from type '{ supplier: string; quantity: number; unit: string; materialName?: string | undefined; productId?: string | undefined; cost?: number | undefined; notes?: string | undefined; }': supplier, quantity, unit
src/components/imports/import-form.tsx(157,13): error TS2322: Type 'Control<{ supplier: string; quantity: number; unit: string; materialName?: string | undefined; productId?: string | undefined; cost?: number | undefined; notes?: string | undefined; }, any, TFieldValues>' is not assignable to type 'Control<{ supplier: string; quantity: number; unit: string; materialName?: string | undefined; productId?: string | undefined; cost?: number | undefined; notes?: string | undefined; }, any, { ...; }>'.
  The types of '_options.resolver' are incompatible between these types.
    Type 'Resolver<{ supplier: string; quantity: number; unit: string; materialName?: string | undefined; productId?: string | undefined; cost?: number | undefined; notes?: string | undefined; }, any, TFieldValues> | undefined' is not assignable to type 'Resolver<{ supplier: string; quantity: number; unit: string; materialName?: string | undefined; productId?: string | undefined; cost?: number | undefined; notes?: string | undefined; }, any, { ...; }> | undefined'.
      Type 'Resolver<{ supplier: string; quantity: number; unit: string; materialName?: string | undefined; productId?: string | undefined; cost?: number | undefined; notes?: string | undefined; }, any, TFieldValues>' is not assignable to type 'Resolver<{ supplier: string; quantity: number; unit: string; materialName?: string | undefined; productId?: string | undefined; cost?: number | undefined; notes?: string | undefined; }, any, { ...; }>'.
        Type 'ResolverResult<{ supplier: string; quantity: number; unit: string; materialName?: string | undefined; productId?: string | undefined; cost?: number | undefined; notes?: string | undefined; }, TFieldValues> | Promise<...>' is not assignable to type 'ResolverResult<{ supplier: string; quantity: number; unit: string; materialName?: string | undefined; productId?: string | undefined; cost?: number | undefined; notes?: string | undefined; }, { supplier: string; ... 5 more ...; notes?: string | undefined; }> | Promise<...>'.
          Type 'ResolverSuccess<TFieldValues>' is not assignable to type 'ResolverResult<{ supplier: string; quantity: number; unit: string; materialName?: string | undefined; productId?: string | undefined; cost?: number | undefined; notes?: string | undefined; }, { supplier: string; ... 5 more ...; notes?: string | undefined; }> | Promise<...>'.
            Type 'ResolverSuccess<TFieldValues>' is not assignable to type 'ResolverSuccess<{ supplier: string; quantity: number; unit: string; materialName?: string | undefined; productId?: string | undefined; cost?: number | undefined; notes?: string | undefined; }>'.
              Type 'TFieldValues' is not assignable to type '{ supplier: string; quantity: number; unit: string; materialName?: string | undefined; productId?: string | undefined; cost?: number | undefined; notes?: string | undefined; }'.
                Type 'FieldValues' is missing the following properties from type '{ supplier: string; quantity: number; unit: string; materialName?: string | undefined; productId?: string | undefined; cost?: number | undefined; notes?: string | undefined; }': supplier, quantity, unit
src/components/imports/import-form.tsx(172,13): error TS2322: Type 'Control<{ supplier: string; quantity: number; unit: string; materialName?: string | undefined; productId?: string | undefined; cost?: number | undefined; notes?: string | undefined; }, any, TFieldValues>' is not assignable to type 'Control<{ supplier: string; quantity: number; unit: string; materialName?: string | undefined; productId?: string | undefined; cost?: number | undefined; notes?: string | undefined; }, any, { ...; }>'.
  The types of '_options.resolver' are incompatible between these types.
    Type 'Resolver<{ supplier: string; quantity: number; unit: string; materialName?: string | undefined; productId?: string | undefined; cost?: number | undefined; notes?: string | undefined; }, any, TFieldValues> | undefined' is not assignable to type 'Resolver<{ supplier: string; quantity: number; unit: string; materialName?: string | undefined; productId?: string | undefined; cost?: number | undefined; notes?: string | undefined; }, any, { ...; }> | undefined'.
      Type 'Resolver<{ supplier: string; quantity: number; unit: string; materialName?: string | undefined; productId?: string | undefined; cost?: number | undefined; notes?: string | undefined; }, any, TFieldValues>' is not assignable to type 'Resolver<{ supplier: string; quantity: number; unit: string; materialName?: string | undefined; productId?: string | undefined; cost?: number | undefined; notes?: string | undefined; }, any, { ...; }>'.
        Type 'ResolverResult<{ supplier: string; quantity: number; unit: string; materialName?: string | undefined; productId?: string | undefined; cost?: number | undefined; notes?: string | undefined; }, TFieldValues> | Promise<...>' is not assignable to type 'ResolverResult<{ supplier: string; quantity: number; unit: string; materialName?: string | undefined; productId?: string | undefined; cost?: number | undefined; notes?: string | undefined; }, { supplier: string; ... 5 more ...; notes?: string | undefined; }> | Promise<...>'.
          Type 'ResolverSuccess<TFieldValues>' is not assignable to type 'ResolverResult<{ supplier: string; quantity: number; unit: string; materialName?: string | undefined; productId?: string | undefined; cost?: number | undefined; notes?: string | undefined; }, { supplier: string; ... 5 more ...; notes?: string | undefined; }> | Promise<...>'.
            Type 'ResolverSuccess<TFieldValues>' is not assignable to type 'ResolverSuccess<{ supplier: string; quantity: number; unit: string; materialName?: string | undefined; productId?: string | undefined; cost?: number | undefined; notes?: string | undefined; }>'.
              Type 'TFieldValues' is not assignable to type '{ supplier: string; quantity: number; unit: string; materialName?: string | undefined; productId?: string | undefined; cost?: number | undefined; notes?: string | undefined; }'.
                Type 'FieldValues' is missing the following properties from type '{ supplier: string; quantity: number; unit: string; materialName?: string | undefined; productId?: string | undefined; cost?: number | undefined; notes?: string | undefined; }': supplier, quantity, unit
src/components/imports/import-form.tsx(186,11): error TS2322: Type 'Control<{ supplier: string; quantity: number; unit: string; materialName?: string | undefined; productId?: string | undefined; cost?: number | undefined; notes?: string | undefined; }, any, TFieldValues>' is not assignable to type 'Control<{ supplier: string; quantity: number; unit: string; materialName?: string | undefined; productId?: string | undefined; cost?: number | undefined; notes?: string | undefined; }, any, { ...; }>'.
  The types of '_options.resolver' are incompatible between these types.
    Type 'Resolver<{ supplier: string; quantity: number; unit: string; materialName?: string | undefined; productId?: string | undefined; cost?: number | undefined; notes?: string | undefined; }, any, TFieldValues> | undefined' is not assignable to type 'Resolver<{ supplier: string; quantity: number; unit: string; materialName?: string | undefined; productId?: string | undefined; cost?: number | undefined; notes?: string | undefined; }, any, { ...; }> | undefined'.
      Type 'Resolver<{ supplier: string; quantity: number; unit: string; materialName?: string | undefined; productId?: string | undefined; cost?: number | undefined; notes?: string | undefined; }, any, TFieldValues>' is not assignable to type 'Resolver<{ supplier: string; quantity: number; unit: string; materialName?: string | undefined; productId?: string | undefined; cost?: number | undefined; notes?: string | undefined; }, any, { ...; }>'.
        Type 'ResolverResult<{ supplier: string; quantity: number; unit: string; materialName?: string | undefined; productId?: string | undefined; cost?: number | undefined; notes?: string | undefined; }, TFieldValues> | Promise<...>' is not assignable to type 'ResolverResult<{ supplier: string; quantity: number; unit: string; materialName?: string | undefined; productId?: string | undefined; cost?: number | undefined; notes?: string | undefined; }, { supplier: string; ... 5 more ...; notes?: string | undefined; }> | Promise<...>'.
          Type 'ResolverSuccess<TFieldValues>' is not assignable to type 'ResolverResult<{ supplier: string; quantity: number; unit: string; materialName?: string | undefined; productId?: string | undefined; cost?: number | undefined; notes?: string | undefined; }, { supplier: string; ... 5 more ...; notes?: string | undefined; }> | Promise<...>'.
            Type 'ResolverSuccess<TFieldValues>' is not assignable to type 'ResolverSuccess<{ supplier: string; quantity: number; unit: string; materialName?: string | undefined; productId?: string | undefined; cost?: number | undefined; notes?: string | undefined; }>'.
              Type 'TFieldValues' is not assignable to type '{ supplier: string; quantity: number; unit: string; materialName?: string | undefined; productId?: string | undefined; cost?: number | undefined; notes?: string | undefined; }'.
                Type 'FieldValues' is missing the following properties from type '{ supplier: string; quantity: number; unit: string; materialName?: string | undefined; productId?: string | undefined; cost?: number | undefined; notes?: string | undefined; }': supplier, quantity, unit
src/components/inventory/stock-adjustment-dialog.tsx(15,44): error TS2307: Cannot find module '@/components/ui/radio-group' or its corresponding type declarations.
src/components/inventory/stock-adjustment-dialog.tsx(74,58): error TS7006: Parameter 'v' implicitly has an 'any' type.
src/components/layout/header.tsx(8,29): error TS2552: Cannot find name 'useSession'. Did you mean 'session'?
src/components/layout/header.tsx(13,8): error TS2304: Cannot find name 'MobileSidebar'.
src/components/layout/header.tsx(19,8): error TS2552: Cannot find name 'ModeToggle'. Did you mean 'ontoggle'?
src/components/layout/header.tsx(20,8): error TS2304: Cannot find name 'DropdownMenu'.
src/components/layout/header.tsx(21,10): error TS2304: Cannot find name 'DropdownMenuTrigger'.
src/components/layout/header.tsx(22,12): error TS2304: Cannot find name 'Button'.
src/components/layout/header.tsx(23,14): error TS2304: Cannot find name 'Avatar'.
src/components/layout/header.tsx(24,16): error TS2304: Cannot find name 'AvatarImage'.
src/components/layout/header.tsx(25,16): error TS2304: Cannot find name 'AvatarFallback'.
src/components/layout/header.tsx(25,57): error TS2304: Cannot find name 'AvatarFallback'.
src/components/layout/header.tsx(26,15): error TS2304: Cannot find name 'Avatar'.
src/components/layout/header.tsx(27,13): error TS2304: Cannot find name 'Button'.
src/components/layout/header.tsx(28,11): error TS2304: Cannot find name 'DropdownMenuTrigger'.
src/components/layout/header.tsx(29,10): error TS2304: Cannot find name 'DropdownMenuContent'.
src/components/layout/header.tsx(30,12): error TS2304: Cannot find name 'DropdownMenuLabel'.
src/components/layout/header.tsx(40,13): error TS2304: Cannot find name 'DropdownMenuLabel'.
src/components/layout/header.tsx(41,12): error TS2304: Cannot find name 'DropdownMenuSeparator'.
src/components/layout/header.tsx(42,12): error TS2304: Cannot find name 'DropdownMenuItem'.
src/components/layout/header.tsx(44,13): error TS2304: Cannot find name 'DropdownMenuItem'.
src/components/layout/header.tsx(45,12): error TS2304: Cannot find name 'DropdownMenuItem'.
src/components/layout/header.tsx(47,13): error TS2304: Cannot find name 'DropdownMenuItem'.
src/components/layout/header.tsx(48,12): error TS2304: Cannot find name 'DropdownMenuSeparator'.
src/components/layout/header.tsx(49,12): error TS2304: Cannot find name 'DropdownMenuItem'.
src/components/layout/header.tsx(49,44): error TS2304: Cannot find name 'signOut'.
src/components/layout/header.tsx(51,13): error TS2304: Cannot find name 'DropdownMenuItem'.
src/components/layout/header.tsx(52,11): error TS2304: Cannot find name 'DropdownMenuContent'.
src/components/layout/header.tsx(53,9): error TS2304: Cannot find name 'DropdownMenu'.
src/components/orders/order-form.tsx(60,5): error TS2322: Type 'Resolver<{ userId: string; items: { productId: string; quantity: unknown; price: unknown; }[]; status?: "PENDING" | "APPROVED" | "IN_PRODUCTION" | "READY" | "SHIPPED" | "DELIVERED" | "CANCELLED" | undefined; notes?: string | undefined; tax?: unknown; discount?: unknown; }, any, { ...; }>' is not assignable to type 'Resolver<{ userId: string; status: "PENDING" | "APPROVED" | "IN_PRODUCTION" | "READY" | "SHIPPED" | "DELIVERED" | "CANCELLED"; items: { productId: string; quantity: number; price: number; }[]; tax: number; discount: number; notes?: string | undefined; }, any, { ...; }>'.
  Types of parameters 'options' and 'options' are incompatible.
    Type 'ResolverOptions<{ userId: string; status: "PENDING" | "APPROVED" | "IN_PRODUCTION" | "READY" | "SHIPPED" | "DELIVERED" | "CANCELLED"; items: { productId: string; quantity: number; price: number; }[]; tax: number; discount: number; notes?: string | undefined; }>' is not assignable to type 'ResolverOptions<{ userId: string; items: { productId: string; quantity: unknown; price: unknown; }[]; status?: "PENDING" | "APPROVED" | "IN_PRODUCTION" | "READY" | "SHIPPED" | "DELIVERED" | "CANCELLED" | undefined; notes?: string | undefined; tax?: unknown; discount?: unknown; }>'.
      Types of property 'names' are incompatible.
        Type 'string[] | undefined' is not assignable to type '("status" | "notes" | "userId" | "tax" | "discount" | "items")[] | undefined'.
          Type 'string[]' is not assignable to type '("status" | "notes" | "userId" | "tax" | "discount" | "items")[]'.
            Type 'string' is not assignable to type '"status" | "notes" | "userId" | "tax" | "discount" | "items"'.
src/components/orders/order-form.tsx(117,41): error TS2345: Argument of type '(data: { userId: string; status: "PENDING" | "APPROVED" | "IN_PRODUCTION" | "READY" | "SHIPPED" | "DELIVERED" | "CANCELLED"; items: { productId: string; quantity: number; price: number; }[]; tax: number; discount: number; notes?: string | undefined; }) => void' is not assignable to parameter of type 'SubmitHandler<TFieldValues>'.
  Types of parameters 'data' and 'data' are incompatible.
    Type 'TFieldValues' is not assignable to type '{ userId: string; status: "PENDING" | "APPROVED" | "IN_PRODUCTION" | "READY" | "SHIPPED" | "DELIVERED" | "CANCELLED"; items: { productId: string; quantity: number; price: number; }[]; tax: number; discount: number; notes?: string | undefined; }'.
      Type 'FieldValues' is missing the following properties from type '{ userId: string; status: "PENDING" | "APPROVED" | "IN_PRODUCTION" | "READY" | "SHIPPED" | "DELIVERED" | "CANCELLED"; items: { productId: string; quantity: number; price: number; }[]; tax: number; discount: number; notes?: string | undefined; }': userId, status, items, tax, discount
src/components/orders/order-form.tsx(126,17): error TS2322: Type 'Control<{ userId: string; status: "PENDING" | "APPROVED" | "IN_PRODUCTION" | "READY" | "SHIPPED" | "DELIVERED" | "CANCELLED"; items: { productId: string; quantity: number; price: number; }[]; tax: number; discount: number; notes?: string | undefined; }, any, TFieldValues>' is not assignable to type 'Control<{ userId: string; status: "PENDING" | "APPROVED" | "IN_PRODUCTION" | "READY" | "SHIPPED" | "DELIVERED" | "CANCELLED"; items: { productId: string; quantity: number; price: number; }[]; tax: number; discount: number; notes?: string | undefined; }, any, { ...; }>'.
  The types of '_options.resolver' are incompatible between these types.
    Type 'Resolver<{ userId: string; status: "PENDING" | "APPROVED" | "IN_PRODUCTION" | "READY" | "SHIPPED" | "DELIVERED" | "CANCELLED"; items: { productId: string; quantity: number; price: number; }[]; tax: number; discount: number; notes?: string | undefined; }, any, TFieldValues> | undefined' is not assignable to type 'Resolver<{ userId: string; status: "PENDING" | "APPROVED" | "IN_PRODUCTION" | "READY" | "SHIPPED" | "DELIVERED" | "CANCELLED"; items: { productId: string; quantity: number; price: number; }[]; tax: number; discount: number; notes?: string | undefined; }, any, { ...; }> | undefined'.
      Type 'Resolver<{ userId: string; status: "PENDING" | "APPROVED" | "IN_PRODUCTION" | "READY" | "SHIPPED" | "DELIVERED" | "CANCELLED"; items: { productId: string; quantity: number; price: number; }[]; tax: number; discount: number; notes?: string | undefined; }, any, TFieldValues>' is not assignable to type 'Resolver<{ userId: string; status: "PENDING" | "APPROVED" | "IN_PRODUCTION" | "READY" | "SHIPPED" | "DELIVERED" | "CANCELLED"; items: { productId: string; quantity: number; price: number; }[]; tax: number; discount: number; notes?: string | undefined; }, any, { ...; }>'.
        Type 'ResolverResult<{ userId: string; status: "PENDING" | "APPROVED" | "IN_PRODUCTION" | "READY" | "SHIPPED" | "DELIVERED" | "CANCELLED"; items: { productId: string; quantity: number; price: number; }[]; tax: number; discount: number; notes?: string | undefined; }, TFieldValues> | Promise<...>' is not assignable to type 'ResolverResult<{ userId: string; status: "PENDING" | "APPROVED" | "IN_PRODUCTION" | "READY" | "SHIPPED" | "DELIVERED" | "CANCELLED"; items: { productId: string; quantity: number; price: number; }[]; tax: number; discount: number; notes?: string | undefined; }, { ...; }> | Promise<...>'.
          Type 'ResolverSuccess<TFieldValues>' is not assignable to type 'ResolverResult<{ userId: string; status: "PENDING" | "APPROVED" | "IN_PRODUCTION" | "READY" | "SHIPPED" | "DELIVERED" | "CANCELLED"; items: { productId: string; quantity: number; price: number; }[]; tax: number; discount: number; notes?: string | undefined; }, { ...; }> | Promise<...>'.
            Type 'ResolverSuccess<TFieldValues>' is not assignable to type 'ResolverSuccess<{ userId: string; status: "PENDING" | "APPROVED" | "IN_PRODUCTION" | "READY" | "SHIPPED" | "DELIVERED" | "CANCELLED"; items: { productId: string; quantity: number; price: number; }[]; tax: number; discount: number; notes?: string | undefined; }>'.
              Type 'TFieldValues' is not assignable to type '{ userId: string; status: "PENDING" | "APPROVED" | "IN_PRODUCTION" | "READY" | "SHIPPED" | "DELIVERED" | "CANCELLED"; items: { productId: string; quantity: number; price: number; }[]; tax: number; discount: number; notes?: string | undefined; }'.
                Type 'FieldValues' is missing the following properties from type '{ userId: string; status: "PENDING" | "APPROVED" | "IN_PRODUCTION" | "READY" | "SHIPPED" | "DELIVERED" | "CANCELLED"; items: { productId: string; quantity: number; price: number; }[]; tax: number; discount: number; notes?: string | undefined; }': userId, status, items, tax, discount
src/components/orders/order-form.tsx(151,17): error TS2322: Type 'Control<{ userId: string; status: "PENDING" | "APPROVED" | "IN_PRODUCTION" | "READY" | "SHIPPED" | "DELIVERED" | "CANCELLED"; items: { productId: string; quantity: number; price: number; }[]; tax: number; discount: number; notes?: string | undefined; }, any, TFieldValues>' is not assignable to type 'Control<{ userId: string; status: "PENDING" | "APPROVED" | "IN_PRODUCTION" | "READY" | "SHIPPED" | "DELIVERED" | "CANCELLED"; items: { productId: string; quantity: number; price: number; }[]; tax: number; discount: number; notes?: string | undefined; }, any, { ...; }>'.
  The types of '_options.resolver' are incompatible between these types.
    Type 'Resolver<{ userId: string; status: "PENDING" | "APPROVED" | "IN_PRODUCTION" | "READY" | "SHIPPED" | "DELIVERED" | "CANCELLED"; items: { productId: string; quantity: number; price: number; }[]; tax: number; discount: number; notes?: string | undefined; }, any, TFieldValues> | undefined' is not assignable to type 'Resolver<{ userId: string; status: "PENDING" | "APPROVED" | "IN_PRODUCTION" | "READY" | "SHIPPED" | "DELIVERED" | "CANCELLED"; items: { productId: string; quantity: number; price: number; }[]; tax: number; discount: number; notes?: string | undefined; }, any, { ...; }> | undefined'.
      Type 'Resolver<{ userId: string; status: "PENDING" | "APPROVED" | "IN_PRODUCTION" | "READY" | "SHIPPED" | "DELIVERED" | "CANCELLED"; items: { productId: string; quantity: number; price: number; }[]; tax: number; discount: number; notes?: string | undefined; }, any, TFieldValues>' is not assignable to type 'Resolver<{ userId: string; status: "PENDING" | "APPROVED" | "IN_PRODUCTION" | "READY" | "SHIPPED" | "DELIVERED" | "CANCELLED"; items: { productId: string; quantity: number; price: number; }[]; tax: number; discount: number; notes?: string | undefined; }, any, { ...; }>'.
        Type 'ResolverResult<{ userId: string; status: "PENDING" | "APPROVED" | "IN_PRODUCTION" | "READY" | "SHIPPED" | "DELIVERED" | "CANCELLED"; items: { productId: string; quantity: number; price: number; }[]; tax: number; discount: number; notes?: string | undefined; }, TFieldValues> | Promise<...>' is not assignable to type 'ResolverResult<{ userId: string; status: "PENDING" | "APPROVED" | "IN_PRODUCTION" | "READY" | "SHIPPED" | "DELIVERED" | "CANCELLED"; items: { productId: string; quantity: number; price: number; }[]; tax: number; discount: number; notes?: string | undefined; }, { ...; }> | Promise<...>'.
          Type 'ResolverSuccess<TFieldValues>' is not assignable to type 'ResolverResult<{ userId: string; status: "PENDING" | "APPROVED" | "IN_PRODUCTION" | "READY" | "SHIPPED" | "DELIVERED" | "CANCELLED"; items: { productId: string; quantity: number; price: number; }[]; tax: number; discount: number; notes?: string | undefined; }, { ...; }> | Promise<...>'.
            Type 'ResolverSuccess<TFieldValues>' is not assignable to type 'ResolverSuccess<{ userId: string; status: "PENDING" | "APPROVED" | "IN_PRODUCTION" | "READY" | "SHIPPED" | "DELIVERED" | "CANCELLED"; items: { productId: string; quantity: number; price: number; }[]; tax: number; discount: number; notes?: string | undefined; }>'.
              Type 'TFieldValues' is not assignable to type '{ userId: string; status: "PENDING" | "APPROVED" | "IN_PRODUCTION" | "READY" | "SHIPPED" | "DELIVERED" | "CANCELLED"; items: { productId: string; quantity: number; price: number; }[]; tax: number; discount: number; notes?: string | undefined; }'.
                Type 'FieldValues' is missing the following properties from type '{ userId: string; status: "PENDING" | "APPROVED" | "IN_PRODUCTION" | "READY" | "SHIPPED" | "DELIVERED" | "CANCELLED"; items: { productId: string; quantity: number; price: number; }[]; tax: number; discount: number; notes?: string | undefined; }': userId, status, items, tax, discount
src/components/orders/order-form.tsx(188,29): error TS2322: Type 'Control<{ userId: string; status: "PENDING" | "APPROVED" | "IN_PRODUCTION" | "READY" | "SHIPPED" | "DELIVERED" | "CANCELLED"; items: { productId: string; quantity: number; price: number; }[]; tax: number; discount: number; notes?: string | undefined; }, any, TFieldValues>' is not assignable to type 'Control<{ userId: string; status: "PENDING" | "APPROVED" | "IN_PRODUCTION" | "READY" | "SHIPPED" | "DELIVERED" | "CANCELLED"; items: { productId: string; quantity: number; price: number; }[]; tax: number; discount: number; notes?: string | undefined; }, any, { ...; }>'.
  The types of '_options.resolver' are incompatible between these types.
    Type 'Resolver<{ userId: string; status: "PENDING" | "APPROVED" | "IN_PRODUCTION" | "READY" | "SHIPPED" | "DELIVERED" | "CANCELLED"; items: { productId: string; quantity: number; price: number; }[]; tax: number; discount: number; notes?: string | undefined; }, any, TFieldValues> | undefined' is not assignable to type 'Resolver<{ userId: string; status: "PENDING" | "APPROVED" | "IN_PRODUCTION" | "READY" | "SHIPPED" | "DELIVERED" | "CANCELLED"; items: { productId: string; quantity: number; price: number; }[]; tax: number; discount: number; notes?: string | undefined; }, any, { ...; }> | undefined'.
      Type 'Resolver<{ userId: string; status: "PENDING" | "APPROVED" | "IN_PRODUCTION" | "READY" | "SHIPPED" | "DELIVERED" | "CANCELLED"; items: { productId: string; quantity: number; price: number; }[]; tax: number; discount: number; notes?: string | undefined; }, any, TFieldValues>' is not assignable to type 'Resolver<{ userId: string; status: "PENDING" | "APPROVED" | "IN_PRODUCTION" | "READY" | "SHIPPED" | "DELIVERED" | "CANCELLED"; items: { productId: string; quantity: number; price: number; }[]; tax: number; discount: number; notes?: string | undefined; }, any, { ...; }>'.
        Type 'ResolverResult<{ userId: string; status: "PENDING" | "APPROVED" | "IN_PRODUCTION" | "READY" | "SHIPPED" | "DELIVERED" | "CANCELLED"; items: { productId: string; quantity: number; price: number; }[]; tax: number; discount: number; notes?: string | undefined; }, TFieldValues> | Promise<...>' is not assignable to type 'ResolverResult<{ userId: string; status: "PENDING" | "APPROVED" | "IN_PRODUCTION" | "READY" | "SHIPPED" | "DELIVERED" | "CANCELLED"; items: { productId: string; quantity: number; price: number; }[]; tax: number; discount: number; notes?: string | undefined; }, { ...; }> | Promise<...>'.
          Type 'ResolverSuccess<TFieldValues>' is not assignable to type 'ResolverResult<{ userId: string; status: "PENDING" | "APPROVED" | "IN_PRODUCTION" | "READY" | "SHIPPED" | "DELIVERED" | "CANCELLED"; items: { productId: string; quantity: number; price: number; }[]; tax: number; discount: number; notes?: string | undefined; }, { ...; }> | Promise<...>'.
            Type 'ResolverSuccess<TFieldValues>' is not assignable to type 'ResolverSuccess<{ userId: string; status: "PENDING" | "APPROVED" | "IN_PRODUCTION" | "READY" | "SHIPPED" | "DELIVERED" | "CANCELLED"; items: { productId: string; quantity: number; price: number; }[]; tax: number; discount: number; notes?: string | undefined; }>'.
              Type 'TFieldValues' is not assignable to type '{ userId: string; status: "PENDING" | "APPROVED" | "IN_PRODUCTION" | "READY" | "SHIPPED" | "DELIVERED" | "CANCELLED"; items: { productId: string; quantity: number; price: number; }[]; tax: number; discount: number; notes?: string | undefined; }'.
                Type 'FieldValues' is missing the following properties from type '{ userId: string; status: "PENDING" | "APPROVED" | "IN_PRODUCTION" | "READY" | "SHIPPED" | "DELIVERED" | "CANCELLED"; items: { productId: string; quantity: number; price: number; }[]; tax: number; discount: number; notes?: string | undefined; }': userId, status, items, tax, discount
src/components/orders/order-form.tsx(212,29): error TS2322: Type 'Control<{ userId: string; status: "PENDING" | "APPROVED" | "IN_PRODUCTION" | "READY" | "SHIPPED" | "DELIVERED" | "CANCELLED"; items: { productId: string; quantity: number; price: number; }[]; tax: number; discount: number; notes?: string | undefined; }, any, TFieldValues>' is not assignable to type 'Control<{ userId: string; status: "PENDING" | "APPROVED" | "IN_PRODUCTION" | "READY" | "SHIPPED" | "DELIVERED" | "CANCELLED"; items: { productId: string; quantity: number; price: number; }[]; tax: number; discount: number; notes?: string | undefined; }, any, { ...; }>'.
  The types of '_options.resolver' are incompatible between these types.
    Type 'Resolver<{ userId: string; status: "PENDING" | "APPROVED" | "IN_PRODUCTION" | "READY" | "SHIPPED" | "DELIVERED" | "CANCELLED"; items: { productId: string; quantity: number; price: number; }[]; tax: number; discount: number; notes?: string | undefined; }, any, TFieldValues> | undefined' is not assignable to type 'Resolver<{ userId: string; status: "PENDING" | "APPROVED" | "IN_PRODUCTION" | "READY" | "SHIPPED" | "DELIVERED" | "CANCELLED"; items: { productId: string; quantity: number; price: number; }[]; tax: number; discount: number; notes?: string | undefined; }, any, { ...; }> | undefined'.
      Type 'Resolver<{ userId: string; status: "PENDING" | "APPROVED" | "IN_PRODUCTION" | "READY" | "SHIPPED" | "DELIVERED" | "CANCELLED"; items: { productId: string; quantity: number; price: number; }[]; tax: number; discount: number; notes?: string | undefined; }, any, TFieldValues>' is not assignable to type 'Resolver<{ userId: string; status: "PENDING" | "APPROVED" | "IN_PRODUCTION" | "READY" | "SHIPPED" | "DELIVERED" | "CANCELLED"; items: { productId: string; quantity: number; price: number; }[]; tax: number; discount: number; notes?: string | undefined; }, any, { ...; }>'.
        Type 'ResolverResult<{ userId: string; status: "PENDING" | "APPROVED" | "IN_PRODUCTION" | "READY" | "SHIPPED" | "DELIVERED" | "CANCELLED"; items: { productId: string; quantity: number; price: number; }[]; tax: number; discount: number; notes?: string | undefined; }, TFieldValues> | Promise<...>' is not assignable to type 'ResolverResult<{ userId: string; status: "PENDING" | "APPROVED" | "IN_PRODUCTION" | "READY" | "SHIPPED" | "DELIVERED" | "CANCELLED"; items: { productId: string; quantity: number; price: number; }[]; tax: number; discount: number; notes?: string | undefined; }, { ...; }> | Promise<...>'.
          Type 'ResolverSuccess<TFieldValues>' is not assignable to type 'ResolverResult<{ userId: string; status: "PENDING" | "APPROVED" | "IN_PRODUCTION" | "READY" | "SHIPPED" | "DELIVERED" | "CANCELLED"; items: { productId: string; quantity: number; price: number; }[]; tax: number; discount: number; notes?: string | undefined; }, { ...; }> | Promise<...>'.
            Type 'ResolverSuccess<TFieldValues>' is not assignable to type 'ResolverSuccess<{ userId: string; status: "PENDING" | "APPROVED" | "IN_PRODUCTION" | "READY" | "SHIPPED" | "DELIVERED" | "CANCELLED"; items: { productId: string; quantity: number; price: number; }[]; tax: number; discount: number; notes?: string | undefined; }>'.
              Type 'TFieldValues' is not assignable to type '{ userId: string; status: "PENDING" | "APPROVED" | "IN_PRODUCTION" | "READY" | "SHIPPED" | "DELIVERED" | "CANCELLED"; items: { productId: string; quantity: number; price: number; }[]; tax: number; discount: number; notes?: string | undefined; }'.
                Type 'FieldValues' is missing the following properties from type '{ userId: string; status: "PENDING" | "APPROVED" | "IN_PRODUCTION" | "READY" | "SHIPPED" | "DELIVERED" | "CANCELLED"; items: { productId: string; quantity: number; price: number; }[]; tax: number; discount: number; notes?: string | undefined; }': userId, status, items, tax, discount
src/components/orders/order-form.tsx(226,33): error TS2322: Type 'Control<{ userId: string; status: "PENDING" | "APPROVED" | "IN_PRODUCTION" | "READY" | "SHIPPED" | "DELIVERED" | "CANCELLED"; items: { productId: string; quantity: number; price: number; }[]; tax: number; discount: number; notes?: string | undefined; }, any, TFieldValues>' is not assignable to type 'Control<{ userId: string; status: "PENDING" | "APPROVED" | "IN_PRODUCTION" | "READY" | "SHIPPED" | "DELIVERED" | "CANCELLED"; items: { productId: string; quantity: number; price: number; }[]; tax: number; discount: number; notes?: string | undefined; }, any, { ...; }>'.
  The types of '_options.resolver' are incompatible between these types.
    Type 'Resolver<{ userId: string; status: "PENDING" | "APPROVED" | "IN_PRODUCTION" | "READY" | "SHIPPED" | "DELIVERED" | "CANCELLED"; items: { productId: string; quantity: number; price: number; }[]; tax: number; discount: number; notes?: string | undefined; }, any, TFieldValues> | undefined' is not assignable to type 'Resolver<{ userId: string; status: "PENDING" | "APPROVED" | "IN_PRODUCTION" | "READY" | "SHIPPED" | "DELIVERED" | "CANCELLED"; items: { productId: string; quantity: number; price: number; }[]; tax: number; discount: number; notes?: string | undefined; }, any, { ...; }> | undefined'.
      Type 'Resolver<{ userId: string; status: "PENDING" | "APPROVED" | "IN_PRODUCTION" | "READY" | "SHIPPED" | "DELIVERED" | "CANCELLED"; items: { productId: string; quantity: number; price: number; }[]; tax: number; discount: number; notes?: string | undefined; }, any, TFieldValues>' is not assignable to type 'Resolver<{ userId: string; status: "PENDING" | "APPROVED" | "IN_PRODUCTION" | "READY" | "SHIPPED" | "DELIVERED" | "CANCELLED"; items: { productId: string; quantity: number; price: number; }[]; tax: number; discount: number; notes?: string | undefined; }, any, { ...; }>'.
        Type 'ResolverResult<{ userId: string; status: "PENDING" | "APPROVED" | "IN_PRODUCTION" | "READY" | "SHIPPED" | "DELIVERED" | "CANCELLED"; items: { productId: string; quantity: number; price: number; }[]; tax: number; discount: number; notes?: string | undefined; }, TFieldValues> | Promise<...>' is not assignable to type 'ResolverResult<{ userId: string; status: "PENDING" | "APPROVED" | "IN_PRODUCTION" | "READY" | "SHIPPED" | "DELIVERED" | "CANCELLED"; items: { productId: string; quantity: number; price: number; }[]; tax: number; discount: number; notes?: string | undefined; }, { ...; }> | Promise<...>'.
          Type 'ResolverSuccess<TFieldValues>' is not assignable to type 'ResolverResult<{ userId: string; status: "PENDING" | "APPROVED" | "IN_PRODUCTION" | "READY" | "SHIPPED" | "DELIVERED" | "CANCELLED"; items: { productId: string; quantity: number; price: number; }[]; tax: number; discount: number; notes?: string | undefined; }, { ...; }> | Promise<...>'.
            Type 'ResolverSuccess<TFieldValues>' is not assignable to type 'ResolverSuccess<{ userId: string; status: "PENDING" | "APPROVED" | "IN_PRODUCTION" | "READY" | "SHIPPED" | "DELIVERED" | "CANCELLED"; items: { productId: string; quantity: number; price: number; }[]; tax: number; discount: number; notes?: string | undefined; }>'.
              Type 'TFieldValues' is not assignable to type '{ userId: string; status: "PENDING" | "APPROVED" | "IN_PRODUCTION" | "READY" | "SHIPPED" | "DELIVERED" | "CANCELLED"; items: { productId: string; quantity: number; price: number; }[]; tax: number; discount: number; notes?: string | undefined; }'.
                Type 'FieldValues' is missing the following properties from type '{ userId: string; status: "PENDING" | "APPROVED" | "IN_PRODUCTION" | "READY" | "SHIPPED" | "DELIVERED" | "CANCELLED"; items: { productId: string; quantity: number; price: number; }[]; tax: number; discount: number; notes?: string | undefined; }': userId, status, items, tax, discount
src/components/orders/order-form.tsx(249,13): error TS2322: Type 'Control<{ userId: string; status: "PENDING" | "APPROVED" | "IN_PRODUCTION" | "READY" | "SHIPPED" | "DELIVERED" | "CANCELLED"; items: { productId: string; quantity: number; price: number; }[]; tax: number; discount: number; notes?: string | undefined; }, any, TFieldValues>' is not assignable to type 'Control<{ userId: string; status: "PENDING" | "APPROVED" | "IN_PRODUCTION" | "READY" | "SHIPPED" | "DELIVERED" | "CANCELLED"; items: { productId: string; quantity: number; price: number; }[]; tax: number; discount: number; notes?: string | undefined; }, any, { ...; }>'.
  The types of '_options.resolver' are incompatible between these types.
    Type 'Resolver<{ userId: string; status: "PENDING" | "APPROVED" | "IN_PRODUCTION" | "READY" | "SHIPPED" | "DELIVERED" | "CANCELLED"; items: { productId: string; quantity: number; price: number; }[]; tax: number; discount: number; notes?: string | undefined; }, any, TFieldValues> | undefined' is not assignable to type 'Resolver<{ userId: string; status: "PENDING" | "APPROVED" | "IN_PRODUCTION" | "READY" | "SHIPPED" | "DELIVERED" | "CANCELLED"; items: { productId: string; quantity: number; price: number; }[]; tax: number; discount: number; notes?: string | undefined; }, any, { ...; }> | undefined'.
      Type 'Resolver<{ userId: string; status: "PENDING" | "APPROVED" | "IN_PRODUCTION" | "READY" | "SHIPPED" | "DELIVERED" | "CANCELLED"; items: { productId: string; quantity: number; price: number; }[]; tax: number; discount: number; notes?: string | undefined; }, any, TFieldValues>' is not assignable to type 'Resolver<{ userId: string; status: "PENDING" | "APPROVED" | "IN_PRODUCTION" | "READY" | "SHIPPED" | "DELIVERED" | "CANCELLED"; items: { productId: string; quantity: number; price: number; }[]; tax: number; discount: number; notes?: string | undefined; }, any, { ...; }>'.
        Type 'ResolverResult<{ userId: string; status: "PENDING" | "APPROVED" | "IN_PRODUCTION" | "READY" | "SHIPPED" | "DELIVERED" | "CANCELLED"; items: { productId: string; quantity: number; price: number; }[]; tax: number; discount: number; notes?: string | undefined; }, TFieldValues> | Promise<...>' is not assignable to type 'ResolverResult<{ userId: string; status: "PENDING" | "APPROVED" | "IN_PRODUCTION" | "READY" | "SHIPPED" | "DELIVERED" | "CANCELLED"; items: { productId: string; quantity: number; price: number; }[]; tax: number; discount: number; notes?: string | undefined; }, { ...; }> | Promise<...>'.
          Type 'ResolverSuccess<TFieldValues>' is not assignable to type 'ResolverResult<{ userId: string; status: "PENDING" | "APPROVED" | "IN_PRODUCTION" | "READY" | "SHIPPED" | "DELIVERED" | "CANCELLED"; items: { productId: string; quantity: number; price: number; }[]; tax: number; discount: number; notes?: string | undefined; }, { ...; }> | Promise<...>'.
            Type 'ResolverSuccess<TFieldValues>' is not assignable to type 'ResolverSuccess<{ userId: string; status: "PENDING" | "APPROVED" | "IN_PRODUCTION" | "READY" | "SHIPPED" | "DELIVERED" | "CANCELLED"; items: { productId: string; quantity: number; price: number; }[]; tax: number; discount: number; notes?: string | undefined; }>'.
              Type 'TFieldValues' is not assignable to type '{ userId: string; status: "PENDING" | "APPROVED" | "IN_PRODUCTION" | "READY" | "SHIPPED" | "DELIVERED" | "CANCELLED"; items: { productId: string; quantity: number; price: number; }[]; tax: number; discount: number; notes?: string | undefined; }'.
                Type 'FieldValues' is missing the following properties from type '{ userId: string; status: "PENDING" | "APPROVED" | "IN_PRODUCTION" | "READY" | "SHIPPED" | "DELIVERED" | "CANCELLED"; items: { productId: string; quantity: number; price: number; }[]; tax: number; discount: number; notes?: string | undefined; }': userId, status, items, tax, discount
src/components/orders/order-form.tsx(272,21): error TS2322: Type 'Control<{ userId: string; status: "PENDING" | "APPROVED" | "IN_PRODUCTION" | "READY" | "SHIPPED" | "DELIVERED" | "CANCELLED"; items: { productId: string; quantity: number; price: number; }[]; tax: number; discount: number; notes?: string | undefined; }, any, TFieldValues>' is not assignable to type 'Control<{ userId: string; status: "PENDING" | "APPROVED" | "IN_PRODUCTION" | "READY" | "SHIPPED" | "DELIVERED" | "CANCELLED"; items: { productId: string; quantity: number; price: number; }[]; tax: number; discount: number; notes?: string | undefined; }, any, { ...; }>'.
  The types of '_options.resolver' are incompatible between these types.
    Type 'Resolver<{ userId: string; status: "PENDING" | "APPROVED" | "IN_PRODUCTION" | "READY" | "SHIPPED" | "DELIVERED" | "CANCELLED"; items: { productId: string; quantity: number; price: number; }[]; tax: number; discount: number; notes?: string | undefined; }, any, TFieldValues> | undefined' is not assignable to type 'Resolver<{ userId: string; status: "PENDING" | "APPROVED" | "IN_PRODUCTION" | "READY" | "SHIPPED" | "DELIVERED" | "CANCELLED"; items: { productId: string; quantity: number; price: number; }[]; tax: number; discount: number; notes?: string | undefined; }, any, { ...; }> | undefined'.
      Type 'Resolver<{ userId: string; status: "PENDING" | "APPROVED" | "IN_PRODUCTION" | "READY" | "SHIPPED" | "DELIVERED" | "CANCELLED"; items: { productId: string; quantity: number; price: number; }[]; tax: number; discount: number; notes?: string | undefined; }, any, TFieldValues>' is not assignable to type 'Resolver<{ userId: string; status: "PENDING" | "APPROVED" | "IN_PRODUCTION" | "READY" | "SHIPPED" | "DELIVERED" | "CANCELLED"; items: { productId: string; quantity: number; price: number; }[]; tax: number; discount: number; notes?: string | undefined; }, any, { ...; }>'.
        Type 'ResolverResult<{ userId: string; status: "PENDING" | "APPROVED" | "IN_PRODUCTION" | "READY" | "SHIPPED" | "DELIVERED" | "CANCELLED"; items: { productId: string; quantity: number; price: number; }[]; tax: number; discount: number; notes?: string | undefined; }, TFieldValues> | Promise<...>' is not assignable to type 'ResolverResult<{ userId: string; status: "PENDING" | "APPROVED" | "IN_PRODUCTION" | "READY" | "SHIPPED" | "DELIVERED" | "CANCELLED"; items: { productId: string; quantity: number; price: number; }[]; tax: number; discount: number; notes?: string | undefined; }, { ...; }> | Promise<...>'.
          Type 'ResolverSuccess<TFieldValues>' is not assignable to type 'ResolverResult<{ userId: string; status: "PENDING" | "APPROVED" | "IN_PRODUCTION" | "READY" | "SHIPPED" | "DELIVERED" | "CANCELLED"; items: { productId: string; quantity: number; price: number; }[]; tax: number; discount: number; notes?: string | undefined; }, { ...; }> | Promise<...>'.
            Type 'ResolverSuccess<TFieldValues>' is not assignable to type 'ResolverSuccess<{ userId: string; status: "PENDING" | "APPROVED" | "IN_PRODUCTION" | "READY" | "SHIPPED" | "DELIVERED" | "CANCELLED"; items: { productId: string; quantity: number; price: number; }[]; tax: number; discount: number; notes?: string | undefined; }>'.
              Type 'TFieldValues' is not assignable to type '{ userId: string; status: "PENDING" | "APPROVED" | "IN_PRODUCTION" | "READY" | "SHIPPED" | "DELIVERED" | "CANCELLED"; items: { productId: string; quantity: number; price: number; }[]; tax: number; discount: number; notes?: string | undefined; }'.
                Type 'FieldValues' is missing the following properties from type '{ userId: string; status: "PENDING" | "APPROVED" | "IN_PRODUCTION" | "READY" | "SHIPPED" | "DELIVERED" | "CANCELLED"; items: { productId: string; quantity: number; price: number; }[]; tax: number; discount: number; notes?: string | undefined; }': userId, status, items, tax, discount
src/components/orders/order-form.tsx(284,21): error TS2322: Type 'Control<{ userId: string; status: "PENDING" | "APPROVED" | "IN_PRODUCTION" | "READY" | "SHIPPED" | "DELIVERED" | "CANCELLED"; items: { productId: string; quantity: number; price: number; }[]; tax: number; discount: number; notes?: string | undefined; }, any, TFieldValues>' is not assignable to type 'Control<{ userId: string; status: "PENDING" | "APPROVED" | "IN_PRODUCTION" | "READY" | "SHIPPED" | "DELIVERED" | "CANCELLED"; items: { productId: string; quantity: number; price: number; }[]; tax: number; discount: number; notes?: string | undefined; }, any, { ...; }>'.
  The types of '_options.resolver' are incompatible between these types.
    Type 'Resolver<{ userId: string; status: "PENDING" | "APPROVED" | "IN_PRODUCTION" | "READY" | "SHIPPED" | "DELIVERED" | "CANCELLED"; items: { productId: string; quantity: number; price: number; }[]; tax: number; discount: number; notes?: string | undefined; }, any, TFieldValues> | undefined' is not assignable to type 'Resolver<{ userId: string; status: "PENDING" | "APPROVED" | "IN_PRODUCTION" | "READY" | "SHIPPED" | "DELIVERED" | "CANCELLED"; items: { productId: string; quantity: number; price: number; }[]; tax: number; discount: number; notes?: string | undefined; }, any, { ...; }> | undefined'.
      Type 'Resolver<{ userId: string; status: "PENDING" | "APPROVED" | "IN_PRODUCTION" | "READY" | "SHIPPED" | "DELIVERED" | "CANCELLED"; items: { productId: string; quantity: number; price: number; }[]; tax: number; discount: number; notes?: string | undefined; }, any, TFieldValues>' is not assignable to type 'Resolver<{ userId: string; status: "PENDING" | "APPROVED" | "IN_PRODUCTION" | "READY" | "SHIPPED" | "DELIVERED" | "CANCELLED"; items: { productId: string; quantity: number; price: number; }[]; tax: number; discount: number; notes?: string | undefined; }, any, { ...; }>'.
        Type 'ResolverResult<{ userId: string; status: "PENDING" | "APPROVED" | "IN_PRODUCTION" | "READY" | "SHIPPED" | "DELIVERED" | "CANCELLED"; items: { productId: string; quantity: number; price: number; }[]; tax: number; discount: number; notes?: string | undefined; }, TFieldValues> | Promise<...>' is not assignable to type 'ResolverResult<{ userId: string; status: "PENDING" | "APPROVED" | "IN_PRODUCTION" | "READY" | "SHIPPED" | "DELIVERED" | "CANCELLED"; items: { productId: string; quantity: number; price: number; }[]; tax: number; discount: number; notes?: string | undefined; }, { ...; }> | Promise<...>'.
          Type 'ResolverSuccess<TFieldValues>' is not assignable to type 'ResolverResult<{ userId: string; status: "PENDING" | "APPROVED" | "IN_PRODUCTION" | "READY" | "SHIPPED" | "DELIVERED" | "CANCELLED"; items: { productId: string; quantity: number; price: number; }[]; tax: number; discount: number; notes?: string | undefined; }, { ...; }> | Promise<...>'.
            Type 'ResolverSuccess<TFieldValues>' is not assignable to type 'ResolverSuccess<{ userId: string; status: "PENDING" | "APPROVED" | "IN_PRODUCTION" | "READY" | "SHIPPED" | "DELIVERED" | "CANCELLED"; items: { productId: string; quantity: number; price: number; }[]; tax: number; discount: number; notes?: string | undefined; }>'.
              Type 'TFieldValues' is not assignable to type '{ userId: string; status: "PENDING" | "APPROVED" | "IN_PRODUCTION" | "READY" | "SHIPPED" | "DELIVERED" | "CANCELLED"; items: { productId: string; quantity: number; price: number; }[]; tax: number; discount: number; notes?: string | undefined; }'.
                Type 'FieldValues' is missing the following properties from type '{ userId: string; status: "PENDING" | "APPROVED" | "IN_PRODUCTION" | "READY" | "SHIPPED" | "DELIVERED" | "CANCELLED"; items: { productId: string; quantity: number; price: number; }[]; tax: number; discount: number; notes?: string | undefined; }': userId, status, items, tax, discount
